Archive member included to satisfy reference by file (symbol)

D:/code/fly/libs/libopencm3/lib\libopencm3_stm32f1.a(gpio.o)
                              CMakeFiles/fly.out.dir/main.c.obj (gpio_set_mode)
D:/code/fly/libs/libopencm3/lib\libopencm3_stm32f1.a(gpio_common_all.o)
                              CMakeFiles/fly.out.dir/main.c.obj (gpio_toggle)
D:/code/fly/libs/libopencm3/lib\libopencm3_stm32f1.a(rcc.o)
                              CMakeFiles/fly.out.dir/main.c.obj (rcc_clock_setup_pll)
D:/code/fly/libs/libopencm3/lib\libopencm3_stm32f1.a(rcc_common_all.o)
                              CMakeFiles/fly.out.dir/main.c.obj (rcc_periph_clock_enable)
D:/code/fly/libs/libopencm3/lib\libopencm3_stm32f1.a(vector.o)
                              (reset_handler)
D:/code/fly/libs/libopencm3/lib\libopencm3_stm32f1.a(assert.o)
                              D:/code/fly/libs/libopencm3/lib\libopencm3_stm32f1.a(rcc.o) (cm3_assert_failed)
D:/code/fly/libs/libopencm3/lib\libopencm3_stm32f1.a(flash_common_all.o)
                              D:/code/fly/libs/libopencm3/lib\libopencm3_stm32f1.a(rcc.o) (flash_set_ws)
../libfreertos.a(port.c.obj)  CMakeFiles/fly.out.dir/opencm3.c.obj (vPortSVCHandler)
../libfreertos.a(tasks.c.obj)
                              CMakeFiles/fly.out.dir/main.c.obj (xTaskCreate)
../libfreertos.a(heap_1.c.obj)
                              ../libfreertos.a(tasks.c.obj) (pvPortMalloc)
../libfreertos.a(list.c.obj)  ../libfreertos.a(tasks.c.obj) (vListInitialise)

Discarded input sections

 .text          0x00000000        0x0 CMakeFiles/fly.out.dir/main.c.obj
 .data          0x00000000        0x0 CMakeFiles/fly.out.dir/main.c.obj
 .bss           0x00000000        0x0 CMakeFiles/fly.out.dir/main.c.obj
 .text.vApplicationStackOverflowHook
                0x00000000        0x4 CMakeFiles/fly.out.dir/main.c.obj
 .text          0x00000000        0x0 CMakeFiles/fly.out.dir/opencm3.c.obj
 .data          0x00000000        0x0 CMakeFiles/fly.out.dir/opencm3.c.obj
 .bss           0x00000000        0x0 CMakeFiles/fly.out.dir/opencm3.c.obj
 .group         0x00000000        0xc D:/code/fly/libs/libopencm3/lib\libopencm3_stm32f1.a(gpio.o)
 .group         0x00000000        0xc D:/code/fly/libs/libopencm3/lib\libopencm3_stm32f1.a(gpio.o)
 .group         0x00000000        0xc D:/code/fly/libs/libopencm3/lib\libopencm3_stm32f1.a(gpio.o)
 .group         0x00000000        0xc D:/code/fly/libs/libopencm3/lib\libopencm3_stm32f1.a(gpio.o)
 .group         0x00000000        0xc D:/code/fly/libs/libopencm3/lib\libopencm3_stm32f1.a(gpio.o)
 .group         0x00000000        0xc D:/code/fly/libs/libopencm3/lib\libopencm3_stm32f1.a(gpio.o)
 .group         0x00000000        0xc D:/code/fly/libs/libopencm3/lib\libopencm3_stm32f1.a(gpio.o)
 .group         0x00000000        0xc D:/code/fly/libs/libopencm3/lib\libopencm3_stm32f1.a(gpio.o)
 .group         0x00000000        0xc D:/code/fly/libs/libopencm3/lib\libopencm3_stm32f1.a(gpio.o)
 .group         0x00000000        0xc D:/code/fly/libs/libopencm3/lib\libopencm3_stm32f1.a(gpio.o)
 .group         0x00000000        0xc D:/code/fly/libs/libopencm3/lib\libopencm3_stm32f1.a(gpio.o)
 .group         0x00000000        0xc D:/code/fly/libs/libopencm3/lib\libopencm3_stm32f1.a(gpio.o)
 .group         0x00000000        0xc D:/code/fly/libs/libopencm3/lib\libopencm3_stm32f1.a(gpio.o)
 .group         0x00000000        0xc D:/code/fly/libs/libopencm3/lib\libopencm3_stm32f1.a(gpio.o)
 .text          0x00000000        0x0 D:/code/fly/libs/libopencm3/lib\libopencm3_stm32f1.a(gpio.o)
 .data          0x00000000        0x0 D:/code/fly/libs/libopencm3/lib\libopencm3_stm32f1.a(gpio.o)
 .bss           0x00000000        0x0 D:/code/fly/libs/libopencm3/lib\libopencm3_stm32f1.a(gpio.o)
 .text.gpio_set_eventout
                0x00000000       0x10 D:/code/fly/libs/libopencm3/lib\libopencm3_stm32f1.a(gpio.o)
 .text.gpio_primary_remap
                0x00000000       0x14 D:/code/fly/libs/libopencm3/lib\libopencm3_stm32f1.a(gpio.o)
 .text.gpio_secondary_remap
                0x00000000       0x10 D:/code/fly/libs/libopencm3/lib\libopencm3_stm32f1.a(gpio.o)
 .group         0x00000000        0xc D:/code/fly/libs/libopencm3/lib\libopencm3_stm32f1.a(gpio_common_all.o)
 .group         0x00000000        0xc D:/code/fly/libs/libopencm3/lib\libopencm3_stm32f1.a(gpio_common_all.o)
 .group         0x00000000        0xc D:/code/fly/libs/libopencm3/lib\libopencm3_stm32f1.a(gpio_common_all.o)
 .group         0x00000000        0xc D:/code/fly/libs/libopencm3/lib\libopencm3_stm32f1.a(gpio_common_all.o)
 .group         0x00000000        0xc D:/code/fly/libs/libopencm3/lib\libopencm3_stm32f1.a(gpio_common_all.o)
 .group         0x00000000        0xc D:/code/fly/libs/libopencm3/lib\libopencm3_stm32f1.a(gpio_common_all.o)
 .group         0x00000000        0xc D:/code/fly/libs/libopencm3/lib\libopencm3_stm32f1.a(gpio_common_all.o)
 .group         0x00000000        0xc D:/code/fly/libs/libopencm3/lib\libopencm3_stm32f1.a(gpio_common_all.o)
 .group         0x00000000        0xc D:/code/fly/libs/libopencm3/lib\libopencm3_stm32f1.a(gpio_common_all.o)
 .group         0x00000000        0xc D:/code/fly/libs/libopencm3/lib\libopencm3_stm32f1.a(gpio_common_all.o)
 .group         0x00000000        0xc D:/code/fly/libs/libopencm3/lib\libopencm3_stm32f1.a(gpio_common_all.o)
 .group         0x00000000        0xc D:/code/fly/libs/libopencm3/lib\libopencm3_stm32f1.a(gpio_common_all.o)
 .group         0x00000000        0xc D:/code/fly/libs/libopencm3/lib\libopencm3_stm32f1.a(gpio_common_all.o)
 .group         0x00000000        0xc D:/code/fly/libs/libopencm3/lib\libopencm3_stm32f1.a(gpio_common_all.o)
 .text          0x00000000        0x0 D:/code/fly/libs/libopencm3/lib\libopencm3_stm32f1.a(gpio_common_all.o)
 .data          0x00000000        0x0 D:/code/fly/libs/libopencm3/lib\libopencm3_stm32f1.a(gpio_common_all.o)
 .bss           0x00000000        0x0 D:/code/fly/libs/libopencm3/lib\libopencm3_stm32f1.a(gpio_common_all.o)
 .text.gpio_set
                0x00000000        0x4 D:/code/fly/libs/libopencm3/lib\libopencm3_stm32f1.a(gpio_common_all.o)
 .text.gpio_clear
                0x00000000        0x6 D:/code/fly/libs/libopencm3/lib\libopencm3_stm32f1.a(gpio_common_all.o)
 .text.gpio_get
                0x00000000        0x6 D:/code/fly/libs/libopencm3/lib\libopencm3_stm32f1.a(gpio_common_all.o)
 .text.gpio_port_read
                0x00000000        0x6 D:/code/fly/libs/libopencm3/lib\libopencm3_stm32f1.a(gpio_common_all.o)
 .text.gpio_port_write
                0x00000000        0x4 D:/code/fly/libs/libopencm3/lib\libopencm3_stm32f1.a(gpio_common_all.o)
 .text.gpio_port_config_lock
                0x00000000       0x10 D:/code/fly/libs/libopencm3/lib\libopencm3_stm32f1.a(gpio_common_all.o)
 .debug_macro   0x00000000      0xa60 D:/code/fly/libs/libopencm3/lib\libopencm3_stm32f1.a(gpio_common_all.o)
 .debug_macro   0x00000000       0x1c D:/code/fly/libs/libopencm3/lib\libopencm3_stm32f1.a(gpio_common_all.o)
 .debug_macro   0x00000000       0x22 D:/code/fly/libs/libopencm3/lib\libopencm3_stm32f1.a(gpio_common_all.o)
 .debug_macro   0x00000000       0x56 D:/code/fly/libs/libopencm3/lib\libopencm3_stm32f1.a(gpio_common_all.o)
 .debug_macro   0x00000000       0x51 D:/code/fly/libs/libopencm3/lib\libopencm3_stm32f1.a(gpio_common_all.o)
 .debug_macro   0x00000000      0x103 D:/code/fly/libs/libopencm3/lib\libopencm3_stm32f1.a(gpio_common_all.o)
 .debug_macro   0x00000000       0x6a D:/code/fly/libs/libopencm3/lib\libopencm3_stm32f1.a(gpio_common_all.o)
 .debug_macro   0x00000000      0x1df D:/code/fly/libs/libopencm3/lib\libopencm3_stm32f1.a(gpio_common_all.o)
 .debug_macro   0x00000000       0x22 D:/code/fly/libs/libopencm3/lib\libopencm3_stm32f1.a(gpio_common_all.o)
 .debug_macro   0x00000000       0xe8 D:/code/fly/libs/libopencm3/lib\libopencm3_stm32f1.a(gpio_common_all.o)
 .debug_macro   0x00000000       0x76 D:/code/fly/libs/libopencm3/lib\libopencm3_stm32f1.a(gpio_common_all.o)
 .debug_macro   0x00000000      0x1b4 D:/code/fly/libs/libopencm3/lib\libopencm3_stm32f1.a(gpio_common_all.o)
 .debug_macro   0x00000000       0x76 D:/code/fly/libs/libopencm3/lib\libopencm3_stm32f1.a(gpio_common_all.o)
 .debug_macro   0x00000000      0xe04 D:/code/fly/libs/libopencm3/lib\libopencm3_stm32f1.a(gpio_common_all.o)
 .group         0x00000000        0xc D:/code/fly/libs/libopencm3/lib\libopencm3_stm32f1.a(rcc.o)
 .group         0x00000000        0xc D:/code/fly/libs/libopencm3/lib\libopencm3_stm32f1.a(rcc.o)
 .group         0x00000000        0xc D:/code/fly/libs/libopencm3/lib\libopencm3_stm32f1.a(rcc.o)
 .group         0x00000000        0xc D:/code/fly/libs/libopencm3/lib\libopencm3_stm32f1.a(rcc.o)
 .group         0x00000000        0xc D:/code/fly/libs/libopencm3/lib\libopencm3_stm32f1.a(rcc.o)
 .group         0x00000000        0xc D:/code/fly/libs/libopencm3/lib\libopencm3_stm32f1.a(rcc.o)
 .group         0x00000000        0xc D:/code/fly/libs/libopencm3/lib\libopencm3_stm32f1.a(rcc.o)
 .group         0x00000000        0xc D:/code/fly/libs/libopencm3/lib\libopencm3_stm32f1.a(rcc.o)
 .group         0x00000000        0xc D:/code/fly/libs/libopencm3/lib\libopencm3_stm32f1.a(rcc.o)
 .group         0x00000000        0xc D:/code/fly/libs/libopencm3/lib\libopencm3_stm32f1.a(rcc.o)
 .group         0x00000000        0xc D:/code/fly/libs/libopencm3/lib\libopencm3_stm32f1.a(rcc.o)
 .group         0x00000000        0xc D:/code/fly/libs/libopencm3/lib\libopencm3_stm32f1.a(rcc.o)
 .group         0x00000000        0xc D:/code/fly/libs/libopencm3/lib\libopencm3_stm32f1.a(rcc.o)
 .group         0x00000000        0xc D:/code/fly/libs/libopencm3/lib\libopencm3_stm32f1.a(rcc.o)
 .group         0x00000000        0xc D:/code/fly/libs/libopencm3/lib\libopencm3_stm32f1.a(rcc.o)
 .group         0x00000000        0xc D:/code/fly/libs/libopencm3/lib\libopencm3_stm32f1.a(rcc.o)
 .text          0x00000000        0x0 D:/code/fly/libs/libopencm3/lib\libopencm3_stm32f1.a(rcc.o)
 .data          0x00000000        0x0 D:/code/fly/libs/libopencm3/lib\libopencm3_stm32f1.a(rcc.o)
 .bss           0x00000000        0x0 D:/code/fly/libs/libopencm3/lib\libopencm3_stm32f1.a(rcc.o)
 .text.rcc_osc_ready_int_clear
                0x00000000       0x5c D:/code/fly/libs/libopencm3/lib\libopencm3_stm32f1.a(rcc.o)
 .text.rcc_osc_ready_int_enable
                0x00000000       0x5c D:/code/fly/libs/libopencm3/lib\libopencm3_stm32f1.a(rcc.o)
 .text.rcc_osc_ready_int_disable
                0x00000000       0x5c D:/code/fly/libs/libopencm3/lib\libopencm3_stm32f1.a(rcc.o)
 .text.rcc_osc_ready_int_flag
                0x00000000       0x54 D:/code/fly/libs/libopencm3/lib\libopencm3_stm32f1.a(rcc.o)
 .text.rcc_css_int_clear
                0x00000000       0x10 D:/code/fly/libs/libopencm3/lib\libopencm3_stm32f1.a(rcc.o)
 .text.rcc_css_int_flag
                0x00000000       0x10 D:/code/fly/libs/libopencm3/lib\libopencm3_stm32f1.a(rcc.o)
 .text.rcc_osc_off
                0x00000000       0x60 D:/code/fly/libs/libopencm3/lib\libopencm3_stm32f1.a(rcc.o)
 .text.rcc_css_enable
                0x00000000       0x10 D:/code/fly/libs/libopencm3/lib\libopencm3_stm32f1.a(rcc.o)
 .text.rcc_css_disable
                0x00000000       0x10 D:/code/fly/libs/libopencm3/lib\libopencm3_stm32f1.a(rcc.o)
 .text.rcc_rtc_clock_enabled_flag
                0x00000000       0x10 D:/code/fly/libs/libopencm3/lib\libopencm3_stm32f1.a(rcc.o)
 .text.rcc_enable_rtc_clock
                0x00000000       0x10 D:/code/fly/libs/libopencm3/lib\libopencm3_stm32f1.a(rcc.o)
 .text.rcc_set_rtc_clock_source
                0x00000000       0x84 D:/code/fly/libs/libopencm3/lib\libopencm3_stm32f1.a(rcc.o)
 .text.rcc_system_clock_source
                0x00000000       0x10 D:/code/fly/libs/libopencm3/lib\libopencm3_stm32f1.a(rcc.o)
 .text.rcc_clock_setup_in_hsi_out_64mhz
                0x00000000       0x70 D:/code/fly/libs/libopencm3/lib\libopencm3_stm32f1.a(rcc.o)
 .text.rcc_clock_setup_in_hsi_out_48mhz
                0x00000000       0x7c D:/code/fly/libs/libopencm3/lib\libopencm3_stm32f1.a(rcc.o)
 .text.rcc_clock_setup_in_hsi_out_24mhz
                0x00000000       0x60 D:/code/fly/libs/libopencm3/lib\libopencm3_stm32f1.a(rcc.o)
 .text.rcc_clock_setup_in_hse_8mhz_out_24mhz
                0x00000000       0x78 D:/code/fly/libs/libopencm3/lib\libopencm3_stm32f1.a(rcc.o)
 .text.rcc_clock_setup_in_hse_8mhz_out_72mhz
                0x00000000       0x88 D:/code/fly/libs/libopencm3/lib\libopencm3_stm32f1.a(rcc.o)
 .text.rcc_clock_setup_in_hse_12mhz_out_72mhz
                0x00000000       0x88 D:/code/fly/libs/libopencm3/lib\libopencm3_stm32f1.a(rcc.o)
 .text.rcc_clock_setup_in_hse_16mhz_out_72mhz
                0x00000000       0x88 D:/code/fly/libs/libopencm3/lib\libopencm3_stm32f1.a(rcc.o)
 .text.rcc_clock_setup_in_hse_25mhz_out_72mhz
                0x00000000       0xa8 D:/code/fly/libs/libopencm3/lib\libopencm3_stm32f1.a(rcc.o)
 .text.rcc_backupdomain_reset
                0x00000000       0x18 D:/code/fly/libs/libopencm3/lib\libopencm3_stm32f1.a(rcc.o)
 .text.rcc_get_usart_clk_freq
                0x00000000       0x1c D:/code/fly/libs/libopencm3/lib\libopencm3_stm32f1.a(rcc.o)
 .text.rcc_get_timer_clk_freq
                0x00000000       0x34 D:/code/fly/libs/libopencm3/lib\libopencm3_stm32f1.a(rcc.o)
 .text.rcc_get_i2c_clk_freq
                0x00000000        0xc D:/code/fly/libs/libopencm3/lib\libopencm3_stm32f1.a(rcc.o)
 .rodata.rcc_hse_configs
                0x00000000       0x8c D:/code/fly/libs/libopencm3/lib\libopencm3_stm32f1.a(rcc.o)
 .debug_macro   0x00000000      0xa60 D:/code/fly/libs/libopencm3/lib\libopencm3_stm32f1.a(rcc.o)
 .debug_macro   0x00000000       0x1c D:/code/fly/libs/libopencm3/lib\libopencm3_stm32f1.a(rcc.o)
 .debug_macro   0x00000000       0x22 D:/code/fly/libs/libopencm3/lib\libopencm3_stm32f1.a(rcc.o)
 .debug_macro   0x00000000       0x56 D:/code/fly/libs/libopencm3/lib\libopencm3_stm32f1.a(rcc.o)
 .debug_macro   0x00000000       0x51 D:/code/fly/libs/libopencm3/lib\libopencm3_stm32f1.a(rcc.o)
 .debug_macro   0x00000000      0x103 D:/code/fly/libs/libopencm3/lib\libopencm3_stm32f1.a(rcc.o)
 .debug_macro   0x00000000       0x6a D:/code/fly/libs/libopencm3/lib\libopencm3_stm32f1.a(rcc.o)
 .debug_macro   0x00000000      0x1df D:/code/fly/libs/libopencm3/lib\libopencm3_stm32f1.a(rcc.o)
 .debug_macro   0x00000000       0x22 D:/code/fly/libs/libopencm3/lib\libopencm3_stm32f1.a(rcc.o)
 .debug_macro   0x00000000       0xe8 D:/code/fly/libs/libopencm3/lib\libopencm3_stm32f1.a(rcc.o)
 .debug_macro   0x00000000       0x76 D:/code/fly/libs/libopencm3/lib\libopencm3_stm32f1.a(rcc.o)
 .debug_macro   0x00000000      0x1b4 D:/code/fly/libs/libopencm3/lib\libopencm3_stm32f1.a(rcc.o)
 .group         0x00000000        0xc D:/code/fly/libs/libopencm3/lib\libopencm3_stm32f1.a(rcc_common_all.o)
 .group         0x00000000        0xc D:/code/fly/libs/libopencm3/lib\libopencm3_stm32f1.a(rcc_common_all.o)
 .group         0x00000000        0xc D:/code/fly/libs/libopencm3/lib\libopencm3_stm32f1.a(rcc_common_all.o)
 .group         0x00000000        0xc D:/code/fly/libs/libopencm3/lib\libopencm3_stm32f1.a(rcc_common_all.o)
 .group         0x00000000        0xc D:/code/fly/libs/libopencm3/lib\libopencm3_stm32f1.a(rcc_common_all.o)
 .group         0x00000000        0xc D:/code/fly/libs/libopencm3/lib\libopencm3_stm32f1.a(rcc_common_all.o)
 .group         0x00000000        0xc D:/code/fly/libs/libopencm3/lib\libopencm3_stm32f1.a(rcc_common_all.o)
 .group         0x00000000        0xc D:/code/fly/libs/libopencm3/lib\libopencm3_stm32f1.a(rcc_common_all.o)
 .group         0x00000000        0xc D:/code/fly/libs/libopencm3/lib\libopencm3_stm32f1.a(rcc_common_all.o)
 .group         0x00000000        0xc D:/code/fly/libs/libopencm3/lib\libopencm3_stm32f1.a(rcc_common_all.o)
 .group         0x00000000        0xc D:/code/fly/libs/libopencm3/lib\libopencm3_stm32f1.a(rcc_common_all.o)
 .group         0x00000000        0xc D:/code/fly/libs/libopencm3/lib\libopencm3_stm32f1.a(rcc_common_all.o)
 .group         0x00000000        0xc D:/code/fly/libs/libopencm3/lib\libopencm3_stm32f1.a(rcc_common_all.o)
 .text          0x00000000        0x0 D:/code/fly/libs/libopencm3/lib\libopencm3_stm32f1.a(rcc_common_all.o)
 .data          0x00000000        0x0 D:/code/fly/libs/libopencm3/lib\libopencm3_stm32f1.a(rcc_common_all.o)
 .bss           0x00000000        0x0 D:/code/fly/libs/libopencm3/lib\libopencm3_stm32f1.a(rcc_common_all.o)
 .text.rcc_peripheral_enable_clock
                0x00000000        0x8 D:/code/fly/libs/libopencm3/lib\libopencm3_stm32f1.a(rcc_common_all.o)
 .text.rcc_peripheral_disable_clock
                0x00000000        0xa D:/code/fly/libs/libopencm3/lib\libopencm3_stm32f1.a(rcc_common_all.o)
 .text.rcc_peripheral_reset
                0x00000000        0x8 D:/code/fly/libs/libopencm3/lib\libopencm3_stm32f1.a(rcc_common_all.o)
 .text.rcc_peripheral_clear_reset
                0x00000000        0xa D:/code/fly/libs/libopencm3/lib\libopencm3_stm32f1.a(rcc_common_all.o)
 .text.rcc_periph_clock_disable
                0x00000000       0x1e D:/code/fly/libs/libopencm3/lib\libopencm3_stm32f1.a(rcc_common_all.o)
 .text.rcc_periph_reset_pulse
                0x00000000       0x24 D:/code/fly/libs/libopencm3/lib\libopencm3_stm32f1.a(rcc_common_all.o)
 .text.rcc_periph_reset_hold
                0x00000000        0x4 D:/code/fly/libs/libopencm3/lib\libopencm3_stm32f1.a(rcc_common_all.o)
 .text.rcc_periph_reset_release
                0x00000000        0x4 D:/code/fly/libs/libopencm3/lib\libopencm3_stm32f1.a(rcc_common_all.o)
 .text.rcc_set_mco
                0x00000000       0x14 D:/code/fly/libs/libopencm3/lib\libopencm3_stm32f1.a(rcc_common_all.o)
 .text.rcc_osc_bypass_enable
                0x00000000       0x28 D:/code/fly/libs/libopencm3/lib\libopencm3_stm32f1.a(rcc_common_all.o)
 .text.rcc_osc_bypass_disable
                0x00000000       0x28 D:/code/fly/libs/libopencm3/lib\libopencm3_stm32f1.a(rcc_common_all.o)
 .text.rcc_get_div_from_hpre
                0x00000000       0x18 D:/code/fly/libs/libopencm3/lib\libopencm3_stm32f1.a(rcc_common_all.o)
 .debug_macro   0x00000000      0xa60 D:/code/fly/libs/libopencm3/lib\libopencm3_stm32f1.a(rcc_common_all.o)
 .debug_macro   0x00000000       0x1c D:/code/fly/libs/libopencm3/lib\libopencm3_stm32f1.a(rcc_common_all.o)
 .debug_macro   0x00000000       0x22 D:/code/fly/libs/libopencm3/lib\libopencm3_stm32f1.a(rcc_common_all.o)
 .debug_macro   0x00000000       0x56 D:/code/fly/libs/libopencm3/lib\libopencm3_stm32f1.a(rcc_common_all.o)
 .debug_macro   0x00000000       0x51 D:/code/fly/libs/libopencm3/lib\libopencm3_stm32f1.a(rcc_common_all.o)
 .debug_macro   0x00000000      0x103 D:/code/fly/libs/libopencm3/lib\libopencm3_stm32f1.a(rcc_common_all.o)
 .debug_macro   0x00000000       0x6a D:/code/fly/libs/libopencm3/lib\libopencm3_stm32f1.a(rcc_common_all.o)
 .debug_macro   0x00000000      0x1df D:/code/fly/libs/libopencm3/lib\libopencm3_stm32f1.a(rcc_common_all.o)
 .debug_macro   0x00000000       0x22 D:/code/fly/libs/libopencm3/lib\libopencm3_stm32f1.a(rcc_common_all.o)
 .debug_macro   0x00000000       0xe8 D:/code/fly/libs/libopencm3/lib\libopencm3_stm32f1.a(rcc_common_all.o)
 .debug_macro   0x00000000       0x76 D:/code/fly/libs/libopencm3/lib\libopencm3_stm32f1.a(rcc_common_all.o)
 .debug_macro   0x00000000      0x1b4 D:/code/fly/libs/libopencm3/lib\libopencm3_stm32f1.a(rcc_common_all.o)
 .debug_macro   0x00000000      0x8c6 D:/code/fly/libs/libopencm3/lib\libopencm3_stm32f1.a(rcc_common_all.o)
 .group         0x00000000        0xc D:/code/fly/libs/libopencm3/lib\libopencm3_stm32f1.a(vector.o)
 .group         0x00000000        0xc D:/code/fly/libs/libopencm3/lib\libopencm3_stm32f1.a(vector.o)
 .group         0x00000000        0xc D:/code/fly/libs/libopencm3/lib\libopencm3_stm32f1.a(vector.o)
 .group         0x00000000        0xc D:/code/fly/libs/libopencm3/lib\libopencm3_stm32f1.a(vector.o)
 .group         0x00000000        0xc D:/code/fly/libs/libopencm3/lib\libopencm3_stm32f1.a(vector.o)
 .group         0x00000000        0xc D:/code/fly/libs/libopencm3/lib\libopencm3_stm32f1.a(vector.o)
 .group         0x00000000        0xc D:/code/fly/libs/libopencm3/lib\libopencm3_stm32f1.a(vector.o)
 .group         0x00000000        0xc D:/code/fly/libs/libopencm3/lib\libopencm3_stm32f1.a(vector.o)
 .group         0x00000000        0xc D:/code/fly/libs/libopencm3/lib\libopencm3_stm32f1.a(vector.o)
 .group         0x00000000        0xc D:/code/fly/libs/libopencm3/lib\libopencm3_stm32f1.a(vector.o)
 .group         0x00000000        0xc D:/code/fly/libs/libopencm3/lib\libopencm3_stm32f1.a(vector.o)
 .group         0x00000000        0xc D:/code/fly/libs/libopencm3/lib\libopencm3_stm32f1.a(vector.o)
 .group         0x00000000        0xc D:/code/fly/libs/libopencm3/lib\libopencm3_stm32f1.a(vector.o)
 .group         0x00000000        0xc D:/code/fly/libs/libopencm3/lib\libopencm3_stm32f1.a(vector.o)
 .text          0x00000000        0x0 D:/code/fly/libs/libopencm3/lib\libopencm3_stm32f1.a(vector.o)
 .data          0x00000000        0x0 D:/code/fly/libs/libopencm3/lib\libopencm3_stm32f1.a(vector.o)
 .bss           0x00000000        0x0 D:/code/fly/libs/libopencm3/lib\libopencm3_stm32f1.a(vector.o)
 .debug_macro   0x00000000      0xa60 D:/code/fly/libs/libopencm3/lib\libopencm3_stm32f1.a(vector.o)
 .debug_macro   0x00000000       0x76 D:/code/fly/libs/libopencm3/lib\libopencm3_stm32f1.a(vector.o)
 .debug_macro   0x00000000       0x1c D:/code/fly/libs/libopencm3/lib\libopencm3_stm32f1.a(vector.o)
 .debug_macro   0x00000000       0x22 D:/code/fly/libs/libopencm3/lib\libopencm3_stm32f1.a(vector.o)
 .debug_macro   0x00000000       0x56 D:/code/fly/libs/libopencm3/lib\libopencm3_stm32f1.a(vector.o)
 .debug_macro   0x00000000       0x51 D:/code/fly/libs/libopencm3/lib\libopencm3_stm32f1.a(vector.o)
 .debug_macro   0x00000000      0x103 D:/code/fly/libs/libopencm3/lib\libopencm3_stm32f1.a(vector.o)
 .debug_macro   0x00000000       0x6a D:/code/fly/libs/libopencm3/lib\libopencm3_stm32f1.a(vector.o)
 .debug_macro   0x00000000      0x1df D:/code/fly/libs/libopencm3/lib\libopencm3_stm32f1.a(vector.o)
 .debug_macro   0x00000000       0x22 D:/code/fly/libs/libopencm3/lib\libopencm3_stm32f1.a(vector.o)
 .debug_macro   0x00000000       0xe8 D:/code/fly/libs/libopencm3/lib\libopencm3_stm32f1.a(vector.o)
 .group         0x00000000        0xc D:/code/fly/libs/libopencm3/lib\libopencm3_stm32f1.a(assert.o)
 .group         0x00000000        0xc D:/code/fly/libs/libopencm3/lib\libopencm3_stm32f1.a(assert.o)
 .group         0x00000000        0xc D:/code/fly/libs/libopencm3/lib\libopencm3_stm32f1.a(assert.o)
 .group         0x00000000        0xc D:/code/fly/libs/libopencm3/lib\libopencm3_stm32f1.a(assert.o)
 .group         0x00000000        0xc D:/code/fly/libs/libopencm3/lib\libopencm3_stm32f1.a(assert.o)
 .group         0x00000000        0xc D:/code/fly/libs/libopencm3/lib\libopencm3_stm32f1.a(assert.o)
 .group         0x00000000        0xc D:/code/fly/libs/libopencm3/lib\libopencm3_stm32f1.a(assert.o)
 .group         0x00000000        0xc D:/code/fly/libs/libopencm3/lib\libopencm3_stm32f1.a(assert.o)
 .group         0x00000000        0xc D:/code/fly/libs/libopencm3/lib\libopencm3_stm32f1.a(assert.o)
 .group         0x00000000        0xc D:/code/fly/libs/libopencm3/lib\libopencm3_stm32f1.a(assert.o)
 .group         0x00000000        0xc D:/code/fly/libs/libopencm3/lib\libopencm3_stm32f1.a(assert.o)
 .text          0x00000000        0x0 D:/code/fly/libs/libopencm3/lib\libopencm3_stm32f1.a(assert.o)
 .data          0x00000000        0x0 D:/code/fly/libs/libopencm3/lib\libopencm3_stm32f1.a(assert.o)
 .bss           0x00000000        0x0 D:/code/fly/libs/libopencm3/lib\libopencm3_stm32f1.a(assert.o)
 .text.cm3_assert_failed
                0x00000000        0x2 D:/code/fly/libs/libopencm3/lib\libopencm3_stm32f1.a(assert.o)
 .text.cm3_assert_failed_verbose
                0x00000000        0x6 D:/code/fly/libs/libopencm3/lib\libopencm3_stm32f1.a(assert.o)
 .debug_info    0x00000000      0x104 D:/code/fly/libs/libopencm3/lib\libopencm3_stm32f1.a(assert.o)
 .debug_abbrev  0x00000000       0x98 D:/code/fly/libs/libopencm3/lib\libopencm3_stm32f1.a(assert.o)
 .debug_loc     0x00000000       0x94 D:/code/fly/libs/libopencm3/lib\libopencm3_stm32f1.a(assert.o)
 .debug_aranges
                0x00000000       0x28 D:/code/fly/libs/libopencm3/lib\libopencm3_stm32f1.a(assert.o)
 .debug_ranges  0x00000000       0x18 D:/code/fly/libs/libopencm3/lib\libopencm3_stm32f1.a(assert.o)
 .debug_macro   0x00000000       0x89 D:/code/fly/libs/libopencm3/lib\libopencm3_stm32f1.a(assert.o)
 .debug_macro   0x00000000      0xa60 D:/code/fly/libs/libopencm3/lib\libopencm3_stm32f1.a(assert.o)
 .debug_macro   0x00000000       0x1c D:/code/fly/libs/libopencm3/lib\libopencm3_stm32f1.a(assert.o)
 .debug_macro   0x00000000       0x22 D:/code/fly/libs/libopencm3/lib\libopencm3_stm32f1.a(assert.o)
 .debug_macro   0x00000000       0x56 D:/code/fly/libs/libopencm3/lib\libopencm3_stm32f1.a(assert.o)
 .debug_macro   0x00000000       0x51 D:/code/fly/libs/libopencm3/lib\libopencm3_stm32f1.a(assert.o)
 .debug_macro   0x00000000      0x103 D:/code/fly/libs/libopencm3/lib\libopencm3_stm32f1.a(assert.o)
 .debug_macro   0x00000000       0x6a D:/code/fly/libs/libopencm3/lib\libopencm3_stm32f1.a(assert.o)
 .debug_macro   0x00000000      0x1df D:/code/fly/libs/libopencm3/lib\libopencm3_stm32f1.a(assert.o)
 .debug_macro   0x00000000       0x22 D:/code/fly/libs/libopencm3/lib\libopencm3_stm32f1.a(assert.o)
 .debug_macro   0x00000000       0xe8 D:/code/fly/libs/libopencm3/lib\libopencm3_stm32f1.a(assert.o)
 .debug_macro   0x00000000       0x16 D:/code/fly/libs/libopencm3/lib\libopencm3_stm32f1.a(assert.o)
 .debug_line    0x00000000      0x224 D:/code/fly/libs/libopencm3/lib\libopencm3_stm32f1.a(assert.o)
 .debug_str     0x00000000     0x3fcb D:/code/fly/libs/libopencm3/lib\libopencm3_stm32f1.a(assert.o)
 .comment       0x00000000       0x4e D:/code/fly/libs/libopencm3/lib\libopencm3_stm32f1.a(assert.o)
 .debug_frame   0x00000000       0x38 D:/code/fly/libs/libopencm3/lib\libopencm3_stm32f1.a(assert.o)
 .ARM.attributes
                0x00000000       0x2d D:/code/fly/libs/libopencm3/lib\libopencm3_stm32f1.a(assert.o)
 .group         0x00000000        0xc D:/code/fly/libs/libopencm3/lib\libopencm3_stm32f1.a(flash_common_all.o)
 .group         0x00000000        0xc D:/code/fly/libs/libopencm3/lib\libopencm3_stm32f1.a(flash_common_all.o)
 .group         0x00000000        0xc D:/code/fly/libs/libopencm3/lib\libopencm3_stm32f1.a(flash_common_all.o)
 .group         0x00000000        0xc D:/code/fly/libs/libopencm3/lib\libopencm3_stm32f1.a(flash_common_all.o)
 .group         0x00000000        0xc D:/code/fly/libs/libopencm3/lib\libopencm3_stm32f1.a(flash_common_all.o)
 .group         0x00000000        0xc D:/code/fly/libs/libopencm3/lib\libopencm3_stm32f1.a(flash_common_all.o)
 .group         0x00000000        0xc D:/code/fly/libs/libopencm3/lib\libopencm3_stm32f1.a(flash_common_all.o)
 .group         0x00000000        0xc D:/code/fly/libs/libopencm3/lib\libopencm3_stm32f1.a(flash_common_all.o)
 .group         0x00000000        0xc D:/code/fly/libs/libopencm3/lib\libopencm3_stm32f1.a(flash_common_all.o)
 .group         0x00000000        0xc D:/code/fly/libs/libopencm3/lib\libopencm3_stm32f1.a(flash_common_all.o)
 .group         0x00000000        0xc D:/code/fly/libs/libopencm3/lib\libopencm3_stm32f1.a(flash_common_all.o)
 .group         0x00000000        0xc D:/code/fly/libs/libopencm3/lib\libopencm3_stm32f1.a(flash_common_all.o)
 .group         0x00000000        0xc D:/code/fly/libs/libopencm3/lib\libopencm3_stm32f1.a(flash_common_all.o)
 .group         0x00000000        0xc D:/code/fly/libs/libopencm3/lib\libopencm3_stm32f1.a(flash_common_all.o)
 .text          0x00000000        0x0 D:/code/fly/libs/libopencm3/lib\libopencm3_stm32f1.a(flash_common_all.o)
 .data          0x00000000        0x0 D:/code/fly/libs/libopencm3/lib\libopencm3_stm32f1.a(flash_common_all.o)
 .bss           0x00000000        0x0 D:/code/fly/libs/libopencm3/lib\libopencm3_stm32f1.a(flash_common_all.o)
 .text.flash_prefetch_enable
                0x00000000       0x10 D:/code/fly/libs/libopencm3/lib\libopencm3_stm32f1.a(flash_common_all.o)
 .text.flash_prefetch_disable
                0x00000000       0x10 D:/code/fly/libs/libopencm3/lib\libopencm3_stm32f1.a(flash_common_all.o)
 .text.flash_unlock_option_bytes
                0x00000000       0x18 D:/code/fly/libs/libopencm3/lib\libopencm3_stm32f1.a(flash_common_all.o)
 .debug_macro   0x00000000      0xa60 D:/code/fly/libs/libopencm3/lib\libopencm3_stm32f1.a(flash_common_all.o)
 .debug_macro   0x00000000       0x1c D:/code/fly/libs/libopencm3/lib\libopencm3_stm32f1.a(flash_common_all.o)
 .debug_macro   0x00000000       0x22 D:/code/fly/libs/libopencm3/lib\libopencm3_stm32f1.a(flash_common_all.o)
 .debug_macro   0x00000000       0x56 D:/code/fly/libs/libopencm3/lib\libopencm3_stm32f1.a(flash_common_all.o)
 .debug_macro   0x00000000       0x51 D:/code/fly/libs/libopencm3/lib\libopencm3_stm32f1.a(flash_common_all.o)
 .debug_macro   0x00000000      0x103 D:/code/fly/libs/libopencm3/lib\libopencm3_stm32f1.a(flash_common_all.o)
 .debug_macro   0x00000000       0x6a D:/code/fly/libs/libopencm3/lib\libopencm3_stm32f1.a(flash_common_all.o)
 .debug_macro   0x00000000      0x1df D:/code/fly/libs/libopencm3/lib\libopencm3_stm32f1.a(flash_common_all.o)
 .debug_macro   0x00000000       0x22 D:/code/fly/libs/libopencm3/lib\libopencm3_stm32f1.a(flash_common_all.o)
 .debug_macro   0x00000000       0xe8 D:/code/fly/libs/libopencm3/lib\libopencm3_stm32f1.a(flash_common_all.o)
 .debug_macro   0x00000000       0x76 D:/code/fly/libs/libopencm3/lib\libopencm3_stm32f1.a(flash_common_all.o)
 .debug_macro   0x00000000      0x1b4 D:/code/fly/libs/libopencm3/lib\libopencm3_stm32f1.a(flash_common_all.o)
 .debug_macro   0x00000000       0xee D:/code/fly/libs/libopencm3/lib\libopencm3_stm32f1.a(flash_common_all.o)
 .debug_macro   0x00000000       0x82 D:/code/fly/libs/libopencm3/lib\libopencm3_stm32f1.a(flash_common_all.o)
 .text          0x00000000        0x0 ../libfreertos.a(port.c.obj)
 .data          0x00000000        0x0 ../libfreertos.a(port.c.obj)
 .bss           0x00000000        0x0 ../libfreertos.a(port.c.obj)
 .text.vPortEndScheduler
                0x00000000        0x4 ../libfreertos.a(port.c.obj)
 .text          0x00000000        0x0 ../libfreertos.a(tasks.c.obj)
 .data          0x00000000        0x0 ../libfreertos.a(tasks.c.obj)
 .bss           0x00000000        0x0 ../libfreertos.a(tasks.c.obj)
 .text.prvAddCurrentTaskToDelayedList
                0x00000000       0x8c ../libfreertos.a(tasks.c.obj)
 .text.vTaskDelete
                0x00000000       0xec ../libfreertos.a(tasks.c.obj)
 .text.uxTaskPriorityGet
                0x00000000       0x28 ../libfreertos.a(tasks.c.obj)
 .text.uxTaskPriorityGetFromISR
                0x00000000       0x30 ../libfreertos.a(tasks.c.obj)
 .text.vTaskPrioritySet
                0x00000000       0xd4 ../libfreertos.a(tasks.c.obj)
 .text.vTaskSuspend
                0x00000000      0x12c ../libfreertos.a(tasks.c.obj)
 .text.vTaskResume
                0x00000000       0x8c ../libfreertos.a(tasks.c.obj)
 .text.xTaskResumeFromISR
                0x00000000       0xa4 ../libfreertos.a(tasks.c.obj)
 .text.vTaskEndScheduler
                0x00000000       0x20 ../libfreertos.a(tasks.c.obj)
 .text.xTaskGetTickCount
                0x00000000        0xc ../libfreertos.a(tasks.c.obj)
 .text.xTaskGetTickCountFromISR
                0x00000000        0xc ../libfreertos.a(tasks.c.obj)
 .text.uxTaskGetNumberOfTasks
                0x00000000        0xc ../libfreertos.a(tasks.c.obj)
 .text.pcTaskGetName
                0x00000000       0x14 ../libfreertos.a(tasks.c.obj)
 .text.vTaskDelayUntil
                0x00000000       0x54 ../libfreertos.a(tasks.c.obj)
 .text.vTaskPlaceOnEventList
                0x00000000       0x90 ../libfreertos.a(tasks.c.obj)
 .text.vTaskPlaceOnUnorderedEventList
                0x00000000       0x98 ../libfreertos.a(tasks.c.obj)
 .text.xTaskRemoveFromEventList
                0x00000000       0x78 ../libfreertos.a(tasks.c.obj)
 .text.vTaskRemoveFromUnorderedEventList
                0x00000000       0x58 ../libfreertos.a(tasks.c.obj)
 .text.vTaskSetTimeOutState
                0x00000000       0x24 ../libfreertos.a(tasks.c.obj)
 .text.vTaskInternalSetTimeOutState
                0x00000000       0x18 ../libfreertos.a(tasks.c.obj)
 .text.xTaskCheckForTimeOut
                0x00000000       0x6c ../libfreertos.a(tasks.c.obj)
 .text.vTaskMissedYield
                0x00000000        0xc ../libfreertos.a(tasks.c.obj)
 .text.xTaskGetCurrentTaskHandle
                0x00000000        0xc ../libfreertos.a(tasks.c.obj)
 .text.xTaskPriorityInherit
                0x00000000       0xa8 ../libfreertos.a(tasks.c.obj)
 .text.xTaskPriorityDisinherit
                0x00000000       0x7c ../libfreertos.a(tasks.c.obj)
 .text.vTaskPriorityDisinheritAfterTimeout
                0x00000000       0x9c ../libfreertos.a(tasks.c.obj)
 .text.uxTaskResetEventItemValue
                0x00000000       0x18 ../libfreertos.a(tasks.c.obj)
 .text.pvTaskIncrementMutexHeldCount
                0x00000000       0x18 ../libfreertos.a(tasks.c.obj)
 .text.ulTaskNotifyTake
                0x00000000       0x6c ../libfreertos.a(tasks.c.obj)
 .text.xTaskNotifyWait
                0x00000000       0x90 ../libfreertos.a(tasks.c.obj)
 .text.xTaskGenericNotify
                0x00000000       0xb4 ../libfreertos.a(tasks.c.obj)
 .text.xTaskGenericNotifyFromISR
                0x00000000       0xd4 ../libfreertos.a(tasks.c.obj)
 .text.vTaskNotifyGiveFromISR
                0x00000000       0xac ../libfreertos.a(tasks.c.obj)
 .text.xTaskNotifyStateClear
                0x00000000       0x30 ../libfreertos.a(tasks.c.obj)
 .text          0x00000000        0x0 ../libfreertos.a(heap_1.c.obj)
 .data          0x00000000        0x0 ../libfreertos.a(heap_1.c.obj)
 .bss           0x00000000        0x0 ../libfreertos.a(heap_1.c.obj)
 .text.vPortInitialiseBlocks
                0x00000000        0xc ../libfreertos.a(heap_1.c.obj)
 .text.xPortGetFreeHeapSize
                0x00000000       0x10 ../libfreertos.a(heap_1.c.obj)
 .text          0x00000000        0x0 ../libfreertos.a(list.c.obj)
 .data          0x00000000        0x0 ../libfreertos.a(list.c.obj)
 .bss           0x00000000        0x0 ../libfreertos.a(list.c.obj)

Memory Configuration

Name             Origin             Length             Attributes
rom              0x08000000         0x00080000         xr
ram              0x20000000         0x00010000         xrw
*default*        0x00000000         0xffffffff

Linker script and memory map

LOAD d:/piotr/compilers/10-2020-q4-major/bin/../lib/gcc/arm-none-eabi/10.2.1/../../../../arm-none-eabi/lib/thumb/v7-m/nofp\libm.a
LOAD d:/piotr/compilers/10-2020-q4-major/bin/../lib/gcc/arm-none-eabi/10.2.1/../../../../arm-none-eabi/lib/thumb/v7-m/nofp\libc.a
LOAD d:/piotr/compilers/10-2020-q4-major/bin/../lib/gcc/arm-none-eabi/10.2.1/../../../../arm-none-eabi/lib/thumb/v7-m/nofp\libnosys.a
LOAD CMakeFiles/fly.out.dir/main.c.obj
LOAD CMakeFiles/fly.out.dir/opencm3.c.obj
LOAD D:/code/fly/libs/libopencm3/lib\libopencm3_stm32f1.a
LOAD ../libfreertos.a
START GROUP
LOAD d:/piotr/compilers/10-2020-q4-major/bin/../lib/gcc/arm-none-eabi/10.2.1/thumb/v7-m/nofp\libgcc.a
LOAD d:/piotr/compilers/10-2020-q4-major/bin/../lib/gcc/arm-none-eabi/10.2.1/../../../../arm-none-eabi/lib/thumb/v7-m/nofp\libg.a
LOAD d:/piotr/compilers/10-2020-q4-major/bin/../lib/gcc/arm-none-eabi/10.2.1/../../../../arm-none-eabi/lib/thumb/v7-m/nofp\libc.a
END GROUP
START GROUP
LOAD d:/piotr/compilers/10-2020-q4-major/bin/../lib/gcc/arm-none-eabi/10.2.1/thumb/v7-m/nofp\libgcc.a
LOAD d:/piotr/compilers/10-2020-q4-major/bin/../lib/gcc/arm-none-eabi/10.2.1/../../../../arm-none-eabi/lib/thumb/v7-m/nofp\libc.a
LOAD d:/piotr/compilers/10-2020-q4-major/bin/../lib/gcc/arm-none-eabi/10.2.1/../../../../arm-none-eabi/lib/thumb/v7-m/nofp\libnosys.a
END GROUP

.text           0x08000000     0x10e0
 *(.vectors)
 .vectors       0x08000000      0x150 D:/code/fly/libs/libopencm3/lib\libopencm3_stm32f1.a(vector.o)
                0x08000000                vector_table
 *(.text*)
 .text.task1    0x08000150       0x34 CMakeFiles/fly.out.dir/main.c.obj
 .text.startup.main
                0x08000184       0x70 CMakeFiles/fly.out.dir/main.c.obj
                0x08000184                main
 .text.sv_call_handler
                0x080001f4        0x4 CMakeFiles/fly.out.dir/opencm3.c.obj
                0x080001f4                sv_call_handler
 .text.pend_sv_handler
                0x080001f8        0x4 CMakeFiles/fly.out.dir/opencm3.c.obj
                0x080001f8                pend_sv_handler
 .text.sys_tick_handler
                0x080001fc        0x4 CMakeFiles/fly.out.dir/opencm3.c.obj
                0x080001fc                sys_tick_handler
 .text.gpio_set_mode
                0x08000200       0x5e D:/code/fly/libs/libopencm3/lib\libopencm3_stm32f1.a(gpio.o)
                0x08000200                gpio_set_mode
 .text.gpio_toggle
                0x0800025e       0x12 D:/code/fly/libs/libopencm3/lib\libopencm3_stm32f1.a(gpio_common_all.o)
                0x0800025e                gpio_toggle
 .text.rcc_is_osc_ready
                0x08000270       0x58 D:/code/fly/libs/libopencm3/lib\libopencm3_stm32f1.a(rcc.o)
                0x08000270                rcc_is_osc_ready
 .text.rcc_wait_for_osc_ready
                0x080002c8       0x10 D:/code/fly/libs/libopencm3/lib\libopencm3_stm32f1.a(rcc.o)
                0x080002c8                rcc_wait_for_osc_ready
 .text.rcc_osc_on
                0x080002d8       0x60 D:/code/fly/libs/libopencm3/lib\libopencm3_stm32f1.a(rcc.o)
                0x080002d8                rcc_osc_on
 .text.rcc_set_sysclk_source
                0x08000338       0x14 D:/code/fly/libs/libopencm3/lib\libopencm3_stm32f1.a(rcc.o)
                0x08000338                rcc_set_sysclk_source
 .text.rcc_set_pll_multiplication_factor
                0x0800034c       0x14 D:/code/fly/libs/libopencm3/lib\libopencm3_stm32f1.a(rcc.o)
                0x0800034c                rcc_set_pll_multiplication_factor
 .text.rcc_set_pll2_multiplication_factor
                0x08000360       0x14 D:/code/fly/libs/libopencm3/lib\libopencm3_stm32f1.a(rcc.o)
                0x08000360                rcc_set_pll2_multiplication_factor
 .text.rcc_set_pll3_multiplication_factor
                0x08000374       0x14 D:/code/fly/libs/libopencm3/lib\libopencm3_stm32f1.a(rcc.o)
                0x08000374                rcc_set_pll3_multiplication_factor
 .text.rcc_set_pll_source
                0x08000388       0x14 D:/code/fly/libs/libopencm3/lib\libopencm3_stm32f1.a(rcc.o)
                0x08000388                rcc_set_pll_source
 .text.rcc_set_pllxtpre
                0x0800039c       0x14 D:/code/fly/libs/libopencm3/lib\libopencm3_stm32f1.a(rcc.o)
                0x0800039c                rcc_set_pllxtpre
 .text.rcc_set_adcpre
                0x080003b0       0x14 D:/code/fly/libs/libopencm3/lib\libopencm3_stm32f1.a(rcc.o)
                0x080003b0                rcc_set_adcpre
 .text.rcc_set_ppre2
                0x080003c4       0x14 D:/code/fly/libs/libopencm3/lib\libopencm3_stm32f1.a(rcc.o)
                0x080003c4                rcc_set_ppre2
 .text.rcc_set_ppre1
                0x080003d8       0x14 D:/code/fly/libs/libopencm3/lib\libopencm3_stm32f1.a(rcc.o)
                0x080003d8                rcc_set_ppre1
 .text.rcc_set_hpre
                0x080003ec       0x14 D:/code/fly/libs/libopencm3/lib\libopencm3_stm32f1.a(rcc.o)
                0x080003ec                rcc_set_hpre
 .text.rcc_set_usbpre
                0x08000400       0x18 D:/code/fly/libs/libopencm3/lib\libopencm3_stm32f1.a(rcc.o)
                0x08000400                rcc_set_usbpre
 .text.rcc_set_prediv1
                0x08000418       0x14 D:/code/fly/libs/libopencm3/lib\libopencm3_stm32f1.a(rcc.o)
                0x08000418                rcc_set_prediv1
 .text.rcc_set_prediv2
                0x0800042c       0x14 D:/code/fly/libs/libopencm3/lib\libopencm3_stm32f1.a(rcc.o)
                0x0800042c                rcc_set_prediv2
 .text.rcc_set_prediv1_source
                0x08000440       0x18 D:/code/fly/libs/libopencm3/lib\libopencm3_stm32f1.a(rcc.o)
                0x08000440                rcc_set_prediv1_source
 .text.rcc_clock_setup_pll
                0x08000458       0xbc D:/code/fly/libs/libopencm3/lib\libopencm3_stm32f1.a(rcc.o)
                0x08000458                rcc_clock_setup_pll
 .text.rcc_periph_clock_enable
                0x08000514       0x1c D:/code/fly/libs/libopencm3/lib\libopencm3_stm32f1.a(rcc_common_all.o)
                0x08000514                rcc_periph_clock_enable
 .text.blocking_handler
                0x08000530        0x2 D:/code/fly/libs/libopencm3/lib\libopencm3_stm32f1.a(vector.o)
                0x08000530                usart3_isr
                0x08000530                rtc_isr
                0x08000530                tim7_isr
                0x08000530                adc1_2_isr
                0x08000530                tim1_trg_com_isr
                0x08000530                usb_hp_can_tx_isr
                0x08000530                tim6_isr
                0x08000530                usb_wakeup_isr
                0x08000530                blocking_handler
                0x08000530                tim5_isr
                0x08000530                otg_fs_isr
                0x08000530                spi1_isr
                0x08000530                exti2_isr
                0x08000530                dma1_channel6_isr
                0x08000530                can_rx1_isr
                0x08000530                dma1_channel5_isr
                0x08000530                dma2_channel5_isr
                0x08000530                usart1_isr
                0x08000530                usage_fault_handler
                0x08000530                tim8_trg_com_isr
                0x08000530                can2_rx0_isr
                0x08000530                tim1_brk_isr
                0x08000530                can2_rx1_isr
                0x08000530                tim1_cc_isr
                0x08000530                sdio_isr
                0x08000530                eth_isr
                0x08000530                dma1_channel4_isr
                0x08000530                tim8_brk_isr
                0x08000530                dma2_channel4_5_isr
                0x08000530                pvd_isr
                0x08000530                rcc_isr
                0x08000530                flash_isr
                0x08000530                uart4_isr
                0x08000530                rtc_alarm_isr
                0x08000530                exti15_10_isr
                0x08000530                hard_fault_handler
                0x08000530                exti1_isr
                0x08000530                i2c1_ev_isr
                0x08000530                dma2_channel1_isr
                0x08000530                spi2_isr
                0x08000530                tim8_up_isr
                0x08000530                dma2_channel2_isr
                0x08000530                exti3_isr
                0x08000530                adc3_isr
                0x08000530                tim3_isr
                0x08000530                usart2_isr
                0x08000530                usb_lp_can_rx0_isr
                0x08000530                i2c2_er_isr
                0x08000530                i2c2_ev_isr
                0x08000530                uart5_isr
                0x08000530                fsmc_isr
                0x08000530                dma1_channel1_isr
                0x08000530                exti4_isr
                0x08000530                mem_manage_handler
                0x08000530                can2_tx_isr
                0x08000530                exti9_5_isr
                0x08000530                dma2_channel3_isr
                0x08000530                dma1_channel7_isr
                0x08000530                tim1_up_isr
                0x08000530                can2_sce_isr
                0x08000530                tim4_isr
                0x08000530                dma1_channel2_isr
                0x08000530                i2c1_er_isr
                0x08000530                can_sce_isr
                0x08000530                tim8_cc_isr
                0x08000530                tamper_isr
                0x08000530                eth_wkup_isr
                0x08000530                bus_fault_handler
                0x08000530                wwdg_isr
                0x08000530                dma1_channel3_isr
                0x08000530                spi3_isr
                0x08000530                tim2_isr
                0x08000530                exti0_isr
 .text.null_handler
                0x08000532        0x2 D:/code/fly/libs/libopencm3/lib\libopencm3_stm32f1.a(vector.o)
                0x08000532                debug_monitor_handler
                0x08000532                nmi_handler
                0x08000532                null_handler
 .text.reset_handler
                0x08000534       0x94 D:/code/fly/libs/libopencm3/lib\libopencm3_stm32f1.a(vector.o)
                0x08000534                reset_handler
 .text.flash_set_ws
                0x080005c8       0x14 D:/code/fly/libs/libopencm3/lib\libopencm3_stm32f1.a(flash_common_all.o)
                0x080005c8                flash_set_ws
 .text.prvTaskExitError
                0x080005dc       0x20 ../libfreertos.a(port.c.obj)
 .text.prvPortStartFirstTask
                0x080005fc       0x20 ../libfreertos.a(port.c.obj)
 .text.pxPortInitialiseStack
                0x0800061c       0x24 ../libfreertos.a(port.c.obj)
                0x0800061c                pxPortInitialiseStack
 .text.vPortSVCHandler
                0x08000640       0x24 ../libfreertos.a(port.c.obj)
                0x08000640                vPortSVCHandler
 .text.vPortEnterCritical
                0x08000664       0x20 ../libfreertos.a(port.c.obj)
                0x08000664                vPortEnterCritical
 .text.vPortExitCritical
                0x08000684       0x14 ../libfreertos.a(port.c.obj)
                0x08000684                vPortExitCritical
 *fill*         0x08000698        0x8 
 .text.xPortPendSVHandler
                0x080006a0       0x44 ../libfreertos.a(port.c.obj)
                0x080006a0                xPortPendSVHandler
 .text.xPortSysTickHandler
                0x080006e4       0x2c ../libfreertos.a(port.c.obj)
                0x080006e4                xPortSysTickHandler
 .text.vPortSetupTimerInterrupt
                0x08000710       0x14 ../libfreertos.a(port.c.obj)
                0x08000710                vPortSetupTimerInterrupt
 .text.xPortStartScheduler
                0x08000724       0x54 ../libfreertos.a(port.c.obj)
                0x08000724                xPortStartScheduler
 .text.prvIdleTask
                0x08000778       0x6c ../libfreertos.a(tasks.c.obj)
 .text.xTaskCreate
                0x080007e4      0x264 ../libfreertos.a(tasks.c.obj)
                0x080007e4                xTaskCreate
 .text.vTaskStartScheduler
                0x08000a48      0x1c8 ../libfreertos.a(tasks.c.obj)
                0x08000a48                vTaskStartScheduler
 .text.vTaskSuspendAll
                0x08000c10       0x10 ../libfreertos.a(tasks.c.obj)
                0x08000c10                vTaskSuspendAll
 .text.xTaskIncrementTick
                0x08000c20      0x158 ../libfreertos.a(tasks.c.obj)
                0x08000c20                xTaskIncrementTick
 .text.xTaskResumeAll
                0x08000d78      0x12c ../libfreertos.a(tasks.c.obj)
                0x08000d78                xTaskResumeAll
 .text.vTaskDelay
                0x08000ea4       0x9c ../libfreertos.a(tasks.c.obj)
                0x08000ea4                vTaskDelay
 .text.vTaskSwitchContext
                0x08000f40       0x5c ../libfreertos.a(tasks.c.obj)
                0x08000f40                vTaskSwitchContext
 .text.pvPortMalloc
                0x08000f9c       0x58 ../libfreertos.a(heap_1.c.obj)
                0x08000f9c                pvPortMalloc
 .text.vPortFree
                0x08000ff4        0x4 ../libfreertos.a(heap_1.c.obj)
                0x08000ff4                vPortFree
 .text.vListInitialise
                0x08000ff8       0x18 ../libfreertos.a(list.c.obj)
                0x08000ff8                vListInitialise
 .text.vListInitialiseItem
                0x08001010        0x8 ../libfreertos.a(list.c.obj)
                0x08001010                vListInitialiseItem
 .text.vListInsertEnd
                0x08001018       0x1c ../libfreertos.a(list.c.obj)
                0x08001018                vListInsertEnd
 .text.vListInsert
                0x08001034       0x30 ../libfreertos.a(list.c.obj)
                0x08001034                vListInsert
 .text.uxListRemove
                0x08001064       0x24 ../libfreertos.a(list.c.obj)
                0x08001064                uxListRemove
                0x08001088                . = ALIGN (0x4)
 *(.rodata*)
 .rodata.main.str1.4
                0x08001088        0x4 CMakeFiles/fly.out.dir/main.c.obj
 .rodata.rcc_hsi_configs
                0x0800108c       0x54 D:/code/fly/libs/libopencm3/lib\libopencm3_stm32f1.a(rcc.o)
                0x0800108c                rcc_hsi_configs
                0x080010e0                . = ALIGN (0x4)

.glue_7         0x080010e0        0x0
 .glue_7        0x080010e0        0x0 linker stubs

.glue_7t        0x080010e0        0x0
 .glue_7t       0x080010e0        0x0 linker stubs

.vfp11_veneer   0x080010e0        0x0
 .vfp11_veneer  0x080010e0        0x0 linker stubs

.v4_bx          0x080010e0        0x0
 .v4_bx         0x080010e0        0x0 linker stubs

.iplt           0x080010e0        0x0
 .iplt          0x080010e0        0x0 CMakeFiles/fly.out.dir/main.c.obj

.rel.dyn        0x080010e0        0x0
 .rel.iplt      0x080010e0        0x0 CMakeFiles/fly.out.dir/main.c.obj

.preinit_array  0x080010e0        0x0
                0x080010e0                . = ALIGN (0x4)
                0x080010e0                __preinit_array_start = .
 *(.preinit_array)
                0x080010e0                __preinit_array_end = .

.init_array     0x080010e0        0x0
                0x080010e0                . = ALIGN (0x4)
                0x080010e0                __init_array_start = .
 *(SORT_BY_NAME(.init_array.*))
 *(.init_array)
                0x080010e0                __init_array_end = .

.fini_array     0x080010e0        0x0
                0x080010e0                . = ALIGN (0x4)
                0x080010e0                __fini_array_start = .
 *(.fini_array)
 *(SORT_BY_NAME(.fini_array.*))
                0x080010e0                __fini_array_end = .

.ARM.extab
 *(.ARM.extab*)

.ARM.exidx      0x080010e0        0x0
                0x080010e0                __exidx_start = .
 *(.ARM.exidx*)
                0x080010e0                __exidx_end = .
                0x080010e0                . = ALIGN (0x4)
                0x080010e0                _etext = .

.noinit
 *(.noinit*)
                0x080010e0                . = ALIGN (0x4)

.data           0x20000000       0x10 load address 0x080010e0
                0x20000000                _data = .
 *(.data*)
 .data.rcc_ahb_frequency
                0x20000000        0x4 D:/code/fly/libs/libopencm3/lib\libopencm3_stm32f1.a(rcc.o)
                0x20000000                rcc_ahb_frequency
 .data.rcc_apb1_frequency
                0x20000004        0x4 D:/code/fly/libs/libopencm3/lib\libopencm3_stm32f1.a(rcc.o)
                0x20000004                rcc_apb1_frequency
 .data.rcc_apb2_frequency
                0x20000008        0x4 D:/code/fly/libs/libopencm3/lib\libopencm3_stm32f1.a(rcc.o)
                0x20000008                rcc_apb2_frequency
 .data.uxCriticalNesting
                0x2000000c        0x4 ../libfreertos.a(port.c.obj)
 *(.ramtext*)
                0x20000010                . = ALIGN (0x4)
                0x20000010                _edata = .
                0x080010e0                _data_loadaddr = LOADADDR (.data)

.igot.plt       0x20000010        0x0 load address 0x080010f0
 .igot.plt      0x20000010        0x0 CMakeFiles/fly.out.dir/main.c.obj

.bss            0x20000010     0x450c load address 0x080010f0
 *(.bss*)
 .bss.pxCurrentTCB
                0x20000010        0x4 ../libfreertos.a(tasks.c.obj)
                0x20000010                pxCurrentTCB
 .bss.pxDelayedTaskList
                0x20000014        0x4 ../libfreertos.a(tasks.c.obj)
 .bss.pxOverflowDelayedTaskList
                0x20000018        0x4 ../libfreertos.a(tasks.c.obj)
 .bss.pxReadyTasksLists
                0x2000001c       0x64 ../libfreertos.a(tasks.c.obj)
 .bss.uxCurrentNumberOfTasks
                0x20000080        0x4 ../libfreertos.a(tasks.c.obj)
 .bss.uxDeletedTasksWaitingCleanUp
                0x20000084        0x4 ../libfreertos.a(tasks.c.obj)
 .bss.uxPendedTicks
                0x20000088        0x4 ../libfreertos.a(tasks.c.obj)
 .bss.uxSchedulerSuspended
                0x2000008c        0x4 ../libfreertos.a(tasks.c.obj)
 .bss.uxTaskNumber
                0x20000090        0x4 ../libfreertos.a(tasks.c.obj)
 .bss.uxTopReadyPriority
                0x20000094        0x4 ../libfreertos.a(tasks.c.obj)
 .bss.xDelayedTaskList1
                0x20000098       0x14 ../libfreertos.a(tasks.c.obj)
 .bss.xDelayedTaskList2
                0x200000ac       0x14 ../libfreertos.a(tasks.c.obj)
 .bss.xIdleTaskHandle
                0x200000c0        0x4 ../libfreertos.a(tasks.c.obj)
 .bss.xNextTaskUnblockTime
                0x200000c4        0x4 ../libfreertos.a(tasks.c.obj)
 .bss.xNumOfOverflows
                0x200000c8        0x4 ../libfreertos.a(tasks.c.obj)
 .bss.xPendingReadyList
                0x200000cc       0x14 ../libfreertos.a(tasks.c.obj)
 .bss.xSchedulerRunning
                0x200000e0        0x4 ../libfreertos.a(tasks.c.obj)
 .bss.xSuspendedTaskList
                0x200000e4       0x14 ../libfreertos.a(tasks.c.obj)
 .bss.xTasksWaitingTermination
                0x200000f8       0x14 ../libfreertos.a(tasks.c.obj)
 .bss.xTickCount
                0x2000010c        0x4 ../libfreertos.a(tasks.c.obj)
 .bss.xYieldPending
                0x20000110        0x4 ../libfreertos.a(tasks.c.obj)
 .bss.pucAlignedHeap.0
                0x20000114        0x4 ../libfreertos.a(heap_1.c.obj)
 .bss.ucHeap    0x20000118     0x4400 ../libfreertos.a(heap_1.c.obj)
 .bss.xNextFreeByte
                0x20004518        0x4 ../libfreertos.a(heap_1.c.obj)
 *(COMMON)
                0x2000451c                . = ALIGN (0x4)
                0x2000451c                _ebss = .

/DISCARD/
 *(.eh_frame)
                0x2000451c                . = ALIGN (0x4)
                0x2000451c                end = .
                0x20010000                PROVIDE (_stack = (ORIGIN (ram) + LENGTH (ram)))
OUTPUT(fly.out elf32-littlearm)
LOAD linker stubs

.debug_info     0x00000000     0x5c53
 .debug_info    0x00000000      0x615 CMakeFiles/fly.out.dir/main.c.obj
 .debug_info    0x00000615       0xf7 CMakeFiles/fly.out.dir/opencm3.c.obj
 .debug_info    0x0000070c      0x210 D:/code/fly/libs/libopencm3/lib\libopencm3_stm32f1.a(gpio.o)
 .debug_info    0x0000091c      0x266 D:/code/fly/libs/libopencm3/lib\libopencm3_stm32f1.a(gpio_common_all.o)
 .debug_info    0x00000b82     0x1574 D:/code/fly/libs/libopencm3/lib\libopencm3_stm32f1.a(rcc.o)
 .debug_info    0x000020f6      0x63d D:/code/fly/libs/libopencm3/lib\libopencm3_stm32f1.a(rcc_common_all.o)
 .debug_info    0x00002733      0x2dd D:/code/fly/libs/libopencm3/lib\libopencm3_stm32f1.a(vector.o)
 .debug_info    0x00002a10       0xf6 D:/code/fly/libs/libopencm3/lib\libopencm3_stm32f1.a(flash_common_all.o)
 .debug_info    0x00002b06      0x394 ../libfreertos.a(port.c.obj)
 .debug_info    0x00002e9a     0x291e ../libfreertos.a(tasks.c.obj)
 .debug_info    0x000057b8      0x1c2 ../libfreertos.a(heap_1.c.obj)
 .debug_info    0x0000597a      0x2d9 ../libfreertos.a(list.c.obj)

.debug_abbrev   0x00000000     0x125b
 .debug_abbrev  0x00000000      0x184 CMakeFiles/fly.out.dir/main.c.obj
 .debug_abbrev  0x00000184       0x67 CMakeFiles/fly.out.dir/opencm3.c.obj
 .debug_abbrev  0x000001eb       0xd0 D:/code/fly/libs/libopencm3/lib\libopencm3_stm32f1.a(gpio.o)
 .debug_abbrev  0x000002bb      0x116 D:/code/fly/libs/libopencm3/lib\libopencm3_stm32f1.a(gpio_common_all.o)
 .debug_abbrev  0x000003d1      0x282 D:/code/fly/libs/libopencm3/lib\libopencm3_stm32f1.a(rcc.o)
 .debug_abbrev  0x00000653      0x17c D:/code/fly/libs/libopencm3/lib\libopencm3_stm32f1.a(rcc_common_all.o)
 .debug_abbrev  0x000007cf      0x145 D:/code/fly/libs/libopencm3/lib\libopencm3_stm32f1.a(vector.o)
 .debug_abbrev  0x00000914       0x97 D:/code/fly/libs/libopencm3/lib\libopencm3_stm32f1.a(flash_common_all.o)
 .debug_abbrev  0x000009ab      0x218 ../libfreertos.a(port.c.obj)
 .debug_abbrev  0x00000bc3      0x45f ../libfreertos.a(tasks.c.obj)
 .debug_abbrev  0x00001022      0x133 ../libfreertos.a(heap_1.c.obj)
 .debug_abbrev  0x00001155      0x106 ../libfreertos.a(list.c.obj)

.debug_loc      0x00000000     0x30b3
 .debug_loc     0x00000000       0x4f CMakeFiles/fly.out.dir/main.c.obj
 .debug_loc     0x0000004f      0x14c D:/code/fly/libs/libopencm3/lib\libopencm3_stm32f1.a(gpio.o)
 .debug_loc     0x0000019b       0xbe D:/code/fly/libs/libopencm3/lib\libopencm3_stm32f1.a(gpio_common_all.o)
 .debug_loc     0x00000259      0x3d0 D:/code/fly/libs/libopencm3/lib\libopencm3_stm32f1.a(rcc.o)
 .debug_loc     0x00000629       0x94 D:/code/fly/libs/libopencm3/lib\libopencm3_stm32f1.a(rcc_common_all.o)
 .debug_loc     0x000006bd      0x128 D:/code/fly/libs/libopencm3/lib\libopencm3_stm32f1.a(vector.o)
 .debug_loc     0x000007e5       0x15 D:/code/fly/libs/libopencm3/lib\libopencm3_stm32f1.a(flash_common_all.o)
 .debug_loc     0x000007fa       0xaf ../libfreertos.a(port.c.obj)
 .debug_loc     0x000008a9     0x268e ../libfreertos.a(tasks.c.obj)
 .debug_loc     0x00002f37       0xc0 ../libfreertos.a(heap_1.c.obj)
 .debug_loc     0x00002ff7       0xbc ../libfreertos.a(list.c.obj)

.debug_aranges  0x00000000      0x568
 .debug_aranges
                0x00000000       0x30 CMakeFiles/fly.out.dir/main.c.obj
 .debug_aranges
                0x00000030       0x30 CMakeFiles/fly.out.dir/opencm3.c.obj
 .debug_aranges
                0x00000060       0x38 D:/code/fly/libs/libopencm3/lib\libopencm3_stm32f1.a(gpio.o)
 .debug_aranges
                0x00000098       0x50 D:/code/fly/libs/libopencm3/lib\libopencm3_stm32f1.a(gpio_common_all.o)
 .debug_aranges
                0x000000e8      0x170 D:/code/fly/libs/libopencm3/lib\libopencm3_stm32f1.a(rcc.o)
 .debug_aranges
                0x00000258       0x60 D:/code/fly/libs/libopencm3/lib\libopencm3_stm32f1.a(rcc_common_all.o)
 .debug_aranges
                0x000002b8       0x30 D:/code/fly/libs/libopencm3/lib\libopencm3_stm32f1.a(vector.o)
 .debug_aranges
                0x000002e8       0x38 D:/code/fly/libs/libopencm3/lib\libopencm3_stm32f1.a(flash_common_all.o)
 .debug_aranges
                0x00000320       0x70 ../libfreertos.a(port.c.obj)
 .debug_aranges
                0x00000390      0x160 ../libfreertos.a(tasks.c.obj)
 .debug_aranges
                0x000004f0       0x38 ../libfreertos.a(heap_1.c.obj)
 .debug_aranges
                0x00000528       0x40 ../libfreertos.a(list.c.obj)

.debug_ranges   0x00000000      0x9f8
 .debug_ranges  0x00000000       0x20 CMakeFiles/fly.out.dir/main.c.obj
 .debug_ranges  0x00000020       0x20 CMakeFiles/fly.out.dir/opencm3.c.obj
 .debug_ranges  0x00000040       0x28 D:/code/fly/libs/libopencm3/lib\libopencm3_stm32f1.a(gpio.o)
 .debug_ranges  0x00000068       0x40 D:/code/fly/libs/libopencm3/lib\libopencm3_stm32f1.a(gpio_common_all.o)
 .debug_ranges  0x000000a8      0x208 D:/code/fly/libs/libopencm3/lib\libopencm3_stm32f1.a(rcc.o)
 .debug_ranges  0x000002b0       0x50 D:/code/fly/libs/libopencm3/lib\libopencm3_stm32f1.a(rcc_common_all.o)
 .debug_ranges  0x00000300       0x20 D:/code/fly/libs/libopencm3/lib\libopencm3_stm32f1.a(vector.o)
 .debug_ranges  0x00000320       0x28 D:/code/fly/libs/libopencm3/lib\libopencm3_stm32f1.a(flash_common_all.o)
 .debug_ranges  0x00000348       0x78 ../libfreertos.a(port.c.obj)
 .debug_ranges  0x000003c0      0x5e0 ../libfreertos.a(tasks.c.obj)
 .debug_ranges  0x000009a0       0x28 ../libfreertos.a(heap_1.c.obj)
 .debug_ranges  0x000009c8       0x30 ../libfreertos.a(list.c.obj)

.debug_line     0x00000000     0x50fc
 .debug_line    0x00000000      0x2cb CMakeFiles/fly.out.dir/main.c.obj
 .debug_line    0x000002cb       0x76 CMakeFiles/fly.out.dir/opencm3.c.obj
 .debug_line    0x00000341      0x3a7 D:/code/fly/libs/libopencm3/lib\libopencm3_stm32f1.a(gpio.o)
 .debug_line    0x000006e8      0x3b1 D:/code/fly/libs/libopencm3/lib\libopencm3_stm32f1.a(gpio_common_all.o)
 .debug_line    0x00000a99      0xd5e D:/code/fly/libs/libopencm3/lib\libopencm3_stm32f1.a(rcc.o)
 .debug_line    0x000017f7      0x410 D:/code/fly/libs/libopencm3/lib\libopencm3_stm32f1.a(rcc_common_all.o)
 .debug_line    0x00001c07      0x43c D:/code/fly/libs/libopencm3/lib\libopencm3_stm32f1.a(vector.o)
 .debug_line    0x00002043      0x362 D:/code/fly/libs/libopencm3/lib\libopencm3_stm32f1.a(flash_common_all.o)
 .debug_line    0x000023a5      0x40d ../libfreertos.a(port.c.obj)
 .debug_line    0x000027b2     0x2376 ../libfreertos.a(tasks.c.obj)
 .debug_line    0x00004b28      0x284 ../libfreertos.a(heap_1.c.obj)
 .debug_line    0x00004dac      0x350 ../libfreertos.a(list.c.obj)

.debug_str      0x00000000     0xf319
 .debug_str     0x00000000      0x4d1 CMakeFiles/fly.out.dir/main.c.obj
                                0x5e5 (size before relaxing)
 .debug_str     0x000004d1       0x82 CMakeFiles/fly.out.dir/opencm3.c.obj
                                0x1fb (size before relaxing)
 .debug_str     0x00000553     0x82fd D:/code/fly/libs/libopencm3/lib\libopencm3_stm32f1.a(gpio.o)
                               0x849a (size before relaxing)
 .debug_str     0x00008850       0x74 D:/code/fly/libs/libopencm3/lib\libopencm3_stm32f1.a(gpio_common_all.o)
                               0x848e (size before relaxing)
 .debug_str     0x000088c4     0x33e0 D:/code/fly/libs/libopencm3/lib\libopencm3_stm32f1.a(rcc.o)
                               0x8182 (size before relaxing)
 .debug_str     0x0000bca4      0x379 D:/code/fly/libs/libopencm3/lib\libopencm3_stm32f1.a(rcc_common_all.o)
                               0x7890 (size before relaxing)
 .debug_str     0x0000c01d     0x248b D:/code/fly/libs/libopencm3/lib\libopencm3_stm32f1.a(vector.o)
                               0x6563 (size before relaxing)
 .debug_str     0x0000e4a8       0x64 D:/code/fly/libs/libopencm3/lib\libopencm3_stm32f1.a(flash_common_all.o)
                               0x5466 (size before relaxing)
 .debug_str     0x0000e50c      0x1bf ../libfreertos.a(port.c.obj)
                                0x383 (size before relaxing)
 .debug_str     0x0000e6cb      0xb2d ../libfreertos.a(tasks.c.obj)
                                0xe8f (size before relaxing)
 .debug_str     0x0000f1f8       0xa8 ../libfreertos.a(heap_1.c.obj)
                                0x280 (size before relaxing)
 .debug_str     0x0000f2a0       0x79 ../libfreertos.a(list.c.obj)
                                0x2f9 (size before relaxing)

.comment        0x00000000       0x4d
 .comment       0x00000000       0x4d CMakeFiles/fly.out.dir/main.c.obj
                                 0x4e (size before relaxing)
 .comment       0x0000004d       0x4e CMakeFiles/fly.out.dir/opencm3.c.obj
 .comment       0x0000004d       0x4e D:/code/fly/libs/libopencm3/lib\libopencm3_stm32f1.a(gpio.o)
 .comment       0x0000004d       0x4e D:/code/fly/libs/libopencm3/lib\libopencm3_stm32f1.a(gpio_common_all.o)
 .comment       0x0000004d       0x4e D:/code/fly/libs/libopencm3/lib\libopencm3_stm32f1.a(rcc.o)
 .comment       0x0000004d       0x4e D:/code/fly/libs/libopencm3/lib\libopencm3_stm32f1.a(rcc_common_all.o)
 .comment       0x0000004d       0x4e D:/code/fly/libs/libopencm3/lib\libopencm3_stm32f1.a(vector.o)
 .comment       0x0000004d       0x4e D:/code/fly/libs/libopencm3/lib\libopencm3_stm32f1.a(flash_common_all.o)
 .comment       0x0000004d       0x4e ../libfreertos.a(port.c.obj)
 .comment       0x0000004d       0x4e ../libfreertos.a(tasks.c.obj)
 .comment       0x0000004d       0x4e ../libfreertos.a(heap_1.c.obj)
 .comment       0x0000004d       0x4e ../libfreertos.a(list.c.obj)

.ARM.attributes
                0x00000000       0x2d
 .ARM.attributes
                0x00000000       0x2d CMakeFiles/fly.out.dir/main.c.obj
 .ARM.attributes
                0x0000002d       0x2d CMakeFiles/fly.out.dir/opencm3.c.obj
 .ARM.attributes
                0x0000005a       0x2d D:/code/fly/libs/libopencm3/lib\libopencm3_stm32f1.a(gpio.o)
 .ARM.attributes
                0x00000087       0x2d D:/code/fly/libs/libopencm3/lib\libopencm3_stm32f1.a(gpio_common_all.o)
 .ARM.attributes
                0x000000b4       0x2d D:/code/fly/libs/libopencm3/lib\libopencm3_stm32f1.a(rcc.o)
 .ARM.attributes
                0x000000e1       0x2d D:/code/fly/libs/libopencm3/lib\libopencm3_stm32f1.a(rcc_common_all.o)
 .ARM.attributes
                0x0000010e       0x2d D:/code/fly/libs/libopencm3/lib\libopencm3_stm32f1.a(vector.o)
 .ARM.attributes
                0x0000013b       0x2d D:/code/fly/libs/libopencm3/lib\libopencm3_stm32f1.a(flash_common_all.o)
 .ARM.attributes
                0x00000168       0x2d ../libfreertos.a(port.c.obj)
 .ARM.attributes
                0x00000195       0x2d ../libfreertos.a(tasks.c.obj)
 .ARM.attributes
                0x000001c2       0x2d ../libfreertos.a(heap_1.c.obj)
 .ARM.attributes
                0x000001ef       0x2d ../libfreertos.a(list.c.obj)

.debug_frame    0x00000000      0xce0
 .debug_frame   0x00000000       0x50 CMakeFiles/fly.out.dir/main.c.obj
 .debug_frame   0x00000050       0x40 CMakeFiles/fly.out.dir/opencm3.c.obj
 .debug_frame   0x00000090       0x60 D:/code/fly/libs/libopencm3/lib\libopencm3_stm32f1.a(gpio.o)
 .debug_frame   0x000000f0       0x80 D:/code/fly/libs/libopencm3/lib\libopencm3_stm32f1.a(gpio_common_all.o)
 .debug_frame   0x00000170      0x318 D:/code/fly/libs/libopencm3/lib\libopencm3_stm32f1.a(rcc.o)
 .debug_frame   0x00000488       0xe0 D:/code/fly/libs/libopencm3/lib\libopencm3_stm32f1.a(rcc_common_all.o)
 .debug_frame   0x00000568       0x4c D:/code/fly/libs/libopencm3/lib\libopencm3_stm32f1.a(vector.o)
 .debug_frame   0x000005b4       0x50 D:/code/fly/libs/libopencm3/lib\libopencm3_stm32f1.a(flash_common_all.o)
 .debug_frame   0x00000604       0xec ../libfreertos.a(port.c.obj)
 .debug_frame   0x000006f0      0x50c ../libfreertos.a(tasks.c.obj)
 .debug_frame   0x00000bfc       0x5c ../libfreertos.a(heap_1.c.obj)
 .debug_frame   0x00000c58       0x88 ../libfreertos.a(list.c.obj)

.debug_macro    0x00000000     0x34e4
 .debug_macro   0x00000000       0xb8 D:/code/fly/libs/libopencm3/lib\libopencm3_stm32f1.a(gpio.o)
 .debug_macro   0x000000b8      0xa60 D:/code/fly/libs/libopencm3/lib\libopencm3_stm32f1.a(gpio.o)
 .debug_macro   0x00000b18       0x1c D:/code/fly/libs/libopencm3/lib\libopencm3_stm32f1.a(gpio.o)
 .debug_macro   0x00000b34       0x22 D:/code/fly/libs/libopencm3/lib\libopencm3_stm32f1.a(gpio.o)
 .debug_macro   0x00000b56       0x56 D:/code/fly/libs/libopencm3/lib\libopencm3_stm32f1.a(gpio.o)
 .debug_macro   0x00000bac       0x51 D:/code/fly/libs/libopencm3/lib\libopencm3_stm32f1.a(gpio.o)
 .debug_macro   0x00000bfd      0x103 D:/code/fly/libs/libopencm3/lib\libopencm3_stm32f1.a(gpio.o)
 .debug_macro   0x00000d00       0x6a D:/code/fly/libs/libopencm3/lib\libopencm3_stm32f1.a(gpio.o)
 .debug_macro   0x00000d6a      0x1df D:/code/fly/libs/libopencm3/lib\libopencm3_stm32f1.a(gpio.o)
 .debug_macro   0x00000f49       0x22 D:/code/fly/libs/libopencm3/lib\libopencm3_stm32f1.a(gpio.o)
 .debug_macro   0x00000f6b       0xe8 D:/code/fly/libs/libopencm3/lib\libopencm3_stm32f1.a(gpio.o)
 .debug_macro   0x00001053       0x76 D:/code/fly/libs/libopencm3/lib\libopencm3_stm32f1.a(gpio.o)
 .debug_macro   0x000010c9      0x1b4 D:/code/fly/libs/libopencm3/lib\libopencm3_stm32f1.a(gpio.o)
 .debug_macro   0x0000127d       0x76 D:/code/fly/libs/libopencm3/lib\libopencm3_stm32f1.a(gpio.o)
 .debug_macro   0x000012f3      0xe04 D:/code/fly/libs/libopencm3/lib\libopencm3_stm32f1.a(gpio.o)
 .debug_macro   0x000020f7       0xb8 D:/code/fly/libs/libopencm3/lib\libopencm3_stm32f1.a(gpio_common_all.o)
 .debug_macro   0x000021af       0xe7 D:/code/fly/libs/libopencm3/lib\libopencm3_stm32f1.a(rcc.o)
 .debug_macro   0x00002296       0x16 D:/code/fly/libs/libopencm3/lib\libopencm3_stm32f1.a(rcc.o)
 .debug_macro   0x000022ac      0x8c6 D:/code/fly/libs/libopencm3/lib\libopencm3_stm32f1.a(rcc.o)
 .debug_macro   0x00002b72       0xee D:/code/fly/libs/libopencm3/lib\libopencm3_stm32f1.a(rcc.o)
 .debug_macro   0x00002c60       0x82 D:/code/fly/libs/libopencm3/lib\libopencm3_stm32f1.a(rcc.o)
 .debug_macro   0x00002ce2       0xce D:/code/fly/libs/libopencm3/lib\libopencm3_stm32f1.a(rcc_common_all.o)
 .debug_macro   0x00002db0       0xcf D:/code/fly/libs/libopencm3/lib\libopencm3_stm32f1.a(vector.o)
 .debug_macro   0x00002e7f      0x395 D:/code/fly/libs/libopencm3/lib\libopencm3_stm32f1.a(vector.o)
 .debug_macro   0x00003214       0x6e D:/code/fly/libs/libopencm3/lib\libopencm3_stm32f1.a(vector.o)
 .debug_macro   0x00003282      0x1a2 D:/code/fly/libs/libopencm3/lib\libopencm3_stm32f1.a(vector.o)
 .debug_macro   0x00003424       0xc0 D:/code/fly/libs/libopencm3/lib\libopencm3_stm32f1.a(flash_common_all.o)

Cross Reference Table

Symbol                                            File
__fini_array_end                                  D:/code/fly/libs/libopencm3/lib\libopencm3_stm32f1.a(vector.o)
__fini_array_start                                D:/code/fly/libs/libopencm3/lib\libopencm3_stm32f1.a(vector.o)
__init_array_end                                  D:/code/fly/libs/libopencm3/lib\libopencm3_stm32f1.a(vector.o)
__init_array_start                                D:/code/fly/libs/libopencm3/lib\libopencm3_stm32f1.a(vector.o)
__preinit_array_end                               D:/code/fly/libs/libopencm3/lib\libopencm3_stm32f1.a(vector.o)
__preinit_array_start                             D:/code/fly/libs/libopencm3/lib\libopencm3_stm32f1.a(vector.o)
_data                                             D:/code/fly/libs/libopencm3/lib\libopencm3_stm32f1.a(vector.o)
_data_loadaddr                                    D:/code/fly/libs/libopencm3/lib\libopencm3_stm32f1.a(vector.o)
_ebss                                             D:/code/fly/libs/libopencm3/lib\libopencm3_stm32f1.a(vector.o)
_edata                                            D:/code/fly/libs/libopencm3/lib\libopencm3_stm32f1.a(vector.o)
_stack                                            D:/code/fly/libs/libopencm3/lib\libopencm3_stm32f1.a(vector.o)
adc1_2_isr                                        D:/code/fly/libs/libopencm3/lib\libopencm3_stm32f1.a(vector.o)
adc3_isr                                          D:/code/fly/libs/libopencm3/lib\libopencm3_stm32f1.a(vector.o)
blocking_handler                                  D:/code/fly/libs/libopencm3/lib\libopencm3_stm32f1.a(vector.o)
bus_fault_handler                                 D:/code/fly/libs/libopencm3/lib\libopencm3_stm32f1.a(vector.o)
can2_rx0_isr                                      D:/code/fly/libs/libopencm3/lib\libopencm3_stm32f1.a(vector.o)
can2_rx1_isr                                      D:/code/fly/libs/libopencm3/lib\libopencm3_stm32f1.a(vector.o)
can2_sce_isr                                      D:/code/fly/libs/libopencm3/lib\libopencm3_stm32f1.a(vector.o)
can2_tx_isr                                       D:/code/fly/libs/libopencm3/lib\libopencm3_stm32f1.a(vector.o)
can_rx1_isr                                       D:/code/fly/libs/libopencm3/lib\libopencm3_stm32f1.a(vector.o)
can_sce_isr                                       D:/code/fly/libs/libopencm3/lib\libopencm3_stm32f1.a(vector.o)
cm3_assert_failed                                 D:/code/fly/libs/libopencm3/lib\libopencm3_stm32f1.a(assert.o)
                                                  D:/code/fly/libs/libopencm3/lib\libopencm3_stm32f1.a(rcc.o)
cm3_assert_failed_verbose                         D:/code/fly/libs/libopencm3/lib\libopencm3_stm32f1.a(assert.o)
debug_monitor_handler                             D:/code/fly/libs/libopencm3/lib\libopencm3_stm32f1.a(vector.o)
dma1_channel1_isr                                 D:/code/fly/libs/libopencm3/lib\libopencm3_stm32f1.a(vector.o)
dma1_channel2_isr                                 D:/code/fly/libs/libopencm3/lib\libopencm3_stm32f1.a(vector.o)
dma1_channel3_isr                                 D:/code/fly/libs/libopencm3/lib\libopencm3_stm32f1.a(vector.o)
dma1_channel4_isr                                 D:/code/fly/libs/libopencm3/lib\libopencm3_stm32f1.a(vector.o)
dma1_channel5_isr                                 D:/code/fly/libs/libopencm3/lib\libopencm3_stm32f1.a(vector.o)
dma1_channel6_isr                                 D:/code/fly/libs/libopencm3/lib\libopencm3_stm32f1.a(vector.o)
dma1_channel7_isr                                 D:/code/fly/libs/libopencm3/lib\libopencm3_stm32f1.a(vector.o)
dma2_channel1_isr                                 D:/code/fly/libs/libopencm3/lib\libopencm3_stm32f1.a(vector.o)
dma2_channel2_isr                                 D:/code/fly/libs/libopencm3/lib\libopencm3_stm32f1.a(vector.o)
dma2_channel3_isr                                 D:/code/fly/libs/libopencm3/lib\libopencm3_stm32f1.a(vector.o)
dma2_channel4_5_isr                               D:/code/fly/libs/libopencm3/lib\libopencm3_stm32f1.a(vector.o)
dma2_channel5_isr                                 D:/code/fly/libs/libopencm3/lib\libopencm3_stm32f1.a(vector.o)
eth_isr                                           D:/code/fly/libs/libopencm3/lib\libopencm3_stm32f1.a(vector.o)
eth_wkup_isr                                      D:/code/fly/libs/libopencm3/lib\libopencm3_stm32f1.a(vector.o)
exti0_isr                                         D:/code/fly/libs/libopencm3/lib\libopencm3_stm32f1.a(vector.o)
exti15_10_isr                                     D:/code/fly/libs/libopencm3/lib\libopencm3_stm32f1.a(vector.o)
exti1_isr                                         D:/code/fly/libs/libopencm3/lib\libopencm3_stm32f1.a(vector.o)
exti2_isr                                         D:/code/fly/libs/libopencm3/lib\libopencm3_stm32f1.a(vector.o)
exti3_isr                                         D:/code/fly/libs/libopencm3/lib\libopencm3_stm32f1.a(vector.o)
exti4_isr                                         D:/code/fly/libs/libopencm3/lib\libopencm3_stm32f1.a(vector.o)
exti9_5_isr                                       D:/code/fly/libs/libopencm3/lib\libopencm3_stm32f1.a(vector.o)
flash_isr                                         D:/code/fly/libs/libopencm3/lib\libopencm3_stm32f1.a(vector.o)
flash_prefetch_disable                            D:/code/fly/libs/libopencm3/lib\libopencm3_stm32f1.a(flash_common_all.o)
flash_prefetch_enable                             D:/code/fly/libs/libopencm3/lib\libopencm3_stm32f1.a(flash_common_all.o)
flash_set_ws                                      D:/code/fly/libs/libopencm3/lib\libopencm3_stm32f1.a(flash_common_all.o)
                                                  D:/code/fly/libs/libopencm3/lib\libopencm3_stm32f1.a(rcc.o)
flash_unlock_option_bytes                         D:/code/fly/libs/libopencm3/lib\libopencm3_stm32f1.a(flash_common_all.o)
fsmc_isr                                          D:/code/fly/libs/libopencm3/lib\libopencm3_stm32f1.a(vector.o)
gpio_clear                                        D:/code/fly/libs/libopencm3/lib\libopencm3_stm32f1.a(gpio_common_all.o)
gpio_get                                          D:/code/fly/libs/libopencm3/lib\libopencm3_stm32f1.a(gpio_common_all.o)
gpio_port_config_lock                             D:/code/fly/libs/libopencm3/lib\libopencm3_stm32f1.a(gpio_common_all.o)
gpio_port_read                                    D:/code/fly/libs/libopencm3/lib\libopencm3_stm32f1.a(gpio_common_all.o)
gpio_port_write                                   D:/code/fly/libs/libopencm3/lib\libopencm3_stm32f1.a(gpio_common_all.o)
gpio_primary_remap                                D:/code/fly/libs/libopencm3/lib\libopencm3_stm32f1.a(gpio.o)
gpio_secondary_remap                              D:/code/fly/libs/libopencm3/lib\libopencm3_stm32f1.a(gpio.o)
gpio_set                                          D:/code/fly/libs/libopencm3/lib\libopencm3_stm32f1.a(gpio_common_all.o)
gpio_set_eventout                                 D:/code/fly/libs/libopencm3/lib\libopencm3_stm32f1.a(gpio.o)
gpio_set_mode                                     D:/code/fly/libs/libopencm3/lib\libopencm3_stm32f1.a(gpio.o)
                                                  CMakeFiles/fly.out.dir/main.c.obj
gpio_toggle                                       D:/code/fly/libs/libopencm3/lib\libopencm3_stm32f1.a(gpio_common_all.o)
                                                  CMakeFiles/fly.out.dir/main.c.obj
hard_fault_handler                                D:/code/fly/libs/libopencm3/lib\libopencm3_stm32f1.a(vector.o)
i2c1_er_isr                                       D:/code/fly/libs/libopencm3/lib\libopencm3_stm32f1.a(vector.o)
i2c1_ev_isr                                       D:/code/fly/libs/libopencm3/lib\libopencm3_stm32f1.a(vector.o)
i2c2_er_isr                                       D:/code/fly/libs/libopencm3/lib\libopencm3_stm32f1.a(vector.o)
i2c2_ev_isr                                       D:/code/fly/libs/libopencm3/lib\libopencm3_stm32f1.a(vector.o)
main                                              CMakeFiles/fly.out.dir/main.c.obj
                                                  D:/code/fly/libs/libopencm3/lib\libopencm3_stm32f1.a(vector.o)
mem_manage_handler                                D:/code/fly/libs/libopencm3/lib\libopencm3_stm32f1.a(vector.o)
nmi_handler                                       D:/code/fly/libs/libopencm3/lib\libopencm3_stm32f1.a(vector.o)
null_handler                                      D:/code/fly/libs/libopencm3/lib\libopencm3_stm32f1.a(vector.o)
otg_fs_isr                                        D:/code/fly/libs/libopencm3/lib\libopencm3_stm32f1.a(vector.o)
pcTaskGetName                                     ../libfreertos.a(tasks.c.obj)
pend_sv_handler                                   CMakeFiles/fly.out.dir/opencm3.c.obj
pvPortMalloc                                      ../libfreertos.a(heap_1.c.obj)
                                                  ../libfreertos.a(tasks.c.obj)
pvTaskIncrementMutexHeldCount                     ../libfreertos.a(tasks.c.obj)
pvd_isr                                           D:/code/fly/libs/libopencm3/lib\libopencm3_stm32f1.a(vector.o)
pxCurrentTCB                                      ../libfreertos.a(tasks.c.obj)
                                                  ../libfreertos.a(port.c.obj)
pxPortInitialiseStack                             ../libfreertos.a(port.c.obj)
                                                  ../libfreertos.a(tasks.c.obj)
rcc_ahb_frequency                                 D:/code/fly/libs/libopencm3/lib\libopencm3_stm32f1.a(rcc.o)
rcc_apb1_frequency                                D:/code/fly/libs/libopencm3/lib\libopencm3_stm32f1.a(rcc.o)
rcc_apb2_frequency                                D:/code/fly/libs/libopencm3/lib\libopencm3_stm32f1.a(rcc.o)
rcc_backupdomain_reset                            D:/code/fly/libs/libopencm3/lib\libopencm3_stm32f1.a(rcc.o)
rcc_clock_setup_in_hse_12mhz_out_72mhz            D:/code/fly/libs/libopencm3/lib\libopencm3_stm32f1.a(rcc.o)
rcc_clock_setup_in_hse_16mhz_out_72mhz            D:/code/fly/libs/libopencm3/lib\libopencm3_stm32f1.a(rcc.o)
rcc_clock_setup_in_hse_25mhz_out_72mhz            D:/code/fly/libs/libopencm3/lib\libopencm3_stm32f1.a(rcc.o)
rcc_clock_setup_in_hse_8mhz_out_24mhz             D:/code/fly/libs/libopencm3/lib\libopencm3_stm32f1.a(rcc.o)
rcc_clock_setup_in_hse_8mhz_out_72mhz             D:/code/fly/libs/libopencm3/lib\libopencm3_stm32f1.a(rcc.o)
rcc_clock_setup_in_hsi_out_24mhz                  D:/code/fly/libs/libopencm3/lib\libopencm3_stm32f1.a(rcc.o)
rcc_clock_setup_in_hsi_out_48mhz                  D:/code/fly/libs/libopencm3/lib\libopencm3_stm32f1.a(rcc.o)
rcc_clock_setup_in_hsi_out_64mhz                  D:/code/fly/libs/libopencm3/lib\libopencm3_stm32f1.a(rcc.o)
rcc_clock_setup_pll                               D:/code/fly/libs/libopencm3/lib\libopencm3_stm32f1.a(rcc.o)
                                                  CMakeFiles/fly.out.dir/main.c.obj
rcc_css_disable                                   D:/code/fly/libs/libopencm3/lib\libopencm3_stm32f1.a(rcc.o)
rcc_css_enable                                    D:/code/fly/libs/libopencm3/lib\libopencm3_stm32f1.a(rcc.o)
rcc_css_int_clear                                 D:/code/fly/libs/libopencm3/lib\libopencm3_stm32f1.a(rcc.o)
rcc_css_int_flag                                  D:/code/fly/libs/libopencm3/lib\libopencm3_stm32f1.a(rcc.o)
rcc_enable_rtc_clock                              D:/code/fly/libs/libopencm3/lib\libopencm3_stm32f1.a(rcc.o)
rcc_get_div_from_hpre                             D:/code/fly/libs/libopencm3/lib\libopencm3_stm32f1.a(rcc_common_all.o)
rcc_get_i2c_clk_freq                              D:/code/fly/libs/libopencm3/lib\libopencm3_stm32f1.a(rcc.o)
rcc_get_timer_clk_freq                            D:/code/fly/libs/libopencm3/lib\libopencm3_stm32f1.a(rcc.o)
rcc_get_usart_clk_freq                            D:/code/fly/libs/libopencm3/lib\libopencm3_stm32f1.a(rcc.o)
rcc_hse_configs                                   D:/code/fly/libs/libopencm3/lib\libopencm3_stm32f1.a(rcc.o)
rcc_hsi_configs                                   D:/code/fly/libs/libopencm3/lib\libopencm3_stm32f1.a(rcc.o)
                                                  CMakeFiles/fly.out.dir/main.c.obj
rcc_is_osc_ready                                  D:/code/fly/libs/libopencm3/lib\libopencm3_stm32f1.a(rcc.o)
rcc_isr                                           D:/code/fly/libs/libopencm3/lib\libopencm3_stm32f1.a(vector.o)
rcc_osc_bypass_disable                            D:/code/fly/libs/libopencm3/lib\libopencm3_stm32f1.a(rcc_common_all.o)
rcc_osc_bypass_enable                             D:/code/fly/libs/libopencm3/lib\libopencm3_stm32f1.a(rcc_common_all.o)
rcc_osc_off                                       D:/code/fly/libs/libopencm3/lib\libopencm3_stm32f1.a(rcc.o)
rcc_osc_on                                        D:/code/fly/libs/libopencm3/lib\libopencm3_stm32f1.a(rcc.o)
rcc_osc_ready_int_clear                           D:/code/fly/libs/libopencm3/lib\libopencm3_stm32f1.a(rcc.o)
rcc_osc_ready_int_disable                         D:/code/fly/libs/libopencm3/lib\libopencm3_stm32f1.a(rcc.o)
rcc_osc_ready_int_enable                          D:/code/fly/libs/libopencm3/lib\libopencm3_stm32f1.a(rcc.o)
rcc_osc_ready_int_flag                            D:/code/fly/libs/libopencm3/lib\libopencm3_stm32f1.a(rcc.o)
rcc_periph_clock_disable                          D:/code/fly/libs/libopencm3/lib\libopencm3_stm32f1.a(rcc_common_all.o)
rcc_periph_clock_enable                           D:/code/fly/libs/libopencm3/lib\libopencm3_stm32f1.a(rcc_common_all.o)
                                                  CMakeFiles/fly.out.dir/main.c.obj
rcc_periph_reset_hold                             D:/code/fly/libs/libopencm3/lib\libopencm3_stm32f1.a(rcc_common_all.o)
rcc_periph_reset_pulse                            D:/code/fly/libs/libopencm3/lib\libopencm3_stm32f1.a(rcc_common_all.o)
rcc_periph_reset_release                          D:/code/fly/libs/libopencm3/lib\libopencm3_stm32f1.a(rcc_common_all.o)
rcc_peripheral_clear_reset                        D:/code/fly/libs/libopencm3/lib\libopencm3_stm32f1.a(rcc_common_all.o)
rcc_peripheral_disable_clock                      D:/code/fly/libs/libopencm3/lib\libopencm3_stm32f1.a(rcc_common_all.o)
rcc_peripheral_enable_clock                       D:/code/fly/libs/libopencm3/lib\libopencm3_stm32f1.a(rcc_common_all.o)
rcc_peripheral_reset                              D:/code/fly/libs/libopencm3/lib\libopencm3_stm32f1.a(rcc_common_all.o)
rcc_rtc_clock_enabled_flag                        D:/code/fly/libs/libopencm3/lib\libopencm3_stm32f1.a(rcc.o)
rcc_set_adcpre                                    D:/code/fly/libs/libopencm3/lib\libopencm3_stm32f1.a(rcc.o)
rcc_set_hpre                                      D:/code/fly/libs/libopencm3/lib\libopencm3_stm32f1.a(rcc.o)
rcc_set_mco                                       D:/code/fly/libs/libopencm3/lib\libopencm3_stm32f1.a(rcc_common_all.o)
rcc_set_pll2_multiplication_factor                D:/code/fly/libs/libopencm3/lib\libopencm3_stm32f1.a(rcc.o)
rcc_set_pll3_multiplication_factor                D:/code/fly/libs/libopencm3/lib\libopencm3_stm32f1.a(rcc.o)
rcc_set_pll_multiplication_factor                 D:/code/fly/libs/libopencm3/lib\libopencm3_stm32f1.a(rcc.o)
rcc_set_pll_source                                D:/code/fly/libs/libopencm3/lib\libopencm3_stm32f1.a(rcc.o)
rcc_set_pllxtpre                                  D:/code/fly/libs/libopencm3/lib\libopencm3_stm32f1.a(rcc.o)
rcc_set_ppre1                                     D:/code/fly/libs/libopencm3/lib\libopencm3_stm32f1.a(rcc.o)
rcc_set_ppre2                                     D:/code/fly/libs/libopencm3/lib\libopencm3_stm32f1.a(rcc.o)
rcc_set_prediv1                                   D:/code/fly/libs/libopencm3/lib\libopencm3_stm32f1.a(rcc.o)
rcc_set_prediv1_source                            D:/code/fly/libs/libopencm3/lib\libopencm3_stm32f1.a(rcc.o)
rcc_set_prediv2                                   D:/code/fly/libs/libopencm3/lib\libopencm3_stm32f1.a(rcc.o)
rcc_set_rtc_clock_source                          D:/code/fly/libs/libopencm3/lib\libopencm3_stm32f1.a(rcc.o)
rcc_set_sysclk_source                             D:/code/fly/libs/libopencm3/lib\libopencm3_stm32f1.a(rcc.o)
rcc_set_usbpre                                    D:/code/fly/libs/libopencm3/lib\libopencm3_stm32f1.a(rcc.o)
rcc_system_clock_source                           D:/code/fly/libs/libopencm3/lib\libopencm3_stm32f1.a(rcc.o)
rcc_wait_for_osc_ready                            D:/code/fly/libs/libopencm3/lib\libopencm3_stm32f1.a(rcc.o)
reset_handler                                     D:/code/fly/libs/libopencm3/lib\libopencm3_stm32f1.a(vector.o)
rtc_alarm_isr                                     D:/code/fly/libs/libopencm3/lib\libopencm3_stm32f1.a(vector.o)
rtc_isr                                           D:/code/fly/libs/libopencm3/lib\libopencm3_stm32f1.a(vector.o)
sdio_isr                                          D:/code/fly/libs/libopencm3/lib\libopencm3_stm32f1.a(vector.o)
spi1_isr                                          D:/code/fly/libs/libopencm3/lib\libopencm3_stm32f1.a(vector.o)
spi2_isr                                          D:/code/fly/libs/libopencm3/lib\libopencm3_stm32f1.a(vector.o)
spi3_isr                                          D:/code/fly/libs/libopencm3/lib\libopencm3_stm32f1.a(vector.o)
sv_call_handler                                   CMakeFiles/fly.out.dir/opencm3.c.obj
sys_tick_handler                                  CMakeFiles/fly.out.dir/opencm3.c.obj
tamper_isr                                        D:/code/fly/libs/libopencm3/lib\libopencm3_stm32f1.a(vector.o)
tim1_brk_isr                                      D:/code/fly/libs/libopencm3/lib\libopencm3_stm32f1.a(vector.o)
tim1_cc_isr                                       D:/code/fly/libs/libopencm3/lib\libopencm3_stm32f1.a(vector.o)
tim1_trg_com_isr                                  D:/code/fly/libs/libopencm3/lib\libopencm3_stm32f1.a(vector.o)
tim1_up_isr                                       D:/code/fly/libs/libopencm3/lib\libopencm3_stm32f1.a(vector.o)
tim2_isr                                          D:/code/fly/libs/libopencm3/lib\libopencm3_stm32f1.a(vector.o)
tim3_isr                                          D:/code/fly/libs/libopencm3/lib\libopencm3_stm32f1.a(vector.o)
tim4_isr                                          D:/code/fly/libs/libopencm3/lib\libopencm3_stm32f1.a(vector.o)
tim5_isr                                          D:/code/fly/libs/libopencm3/lib\libopencm3_stm32f1.a(vector.o)
tim6_isr                                          D:/code/fly/libs/libopencm3/lib\libopencm3_stm32f1.a(vector.o)
tim7_isr                                          D:/code/fly/libs/libopencm3/lib\libopencm3_stm32f1.a(vector.o)
tim8_brk_isr                                      D:/code/fly/libs/libopencm3/lib\libopencm3_stm32f1.a(vector.o)
tim8_cc_isr                                       D:/code/fly/libs/libopencm3/lib\libopencm3_stm32f1.a(vector.o)
tim8_trg_com_isr                                  D:/code/fly/libs/libopencm3/lib\libopencm3_stm32f1.a(vector.o)
tim8_up_isr                                       D:/code/fly/libs/libopencm3/lib\libopencm3_stm32f1.a(vector.o)
uart4_isr                                         D:/code/fly/libs/libopencm3/lib\libopencm3_stm32f1.a(vector.o)
uart5_isr                                         D:/code/fly/libs/libopencm3/lib\libopencm3_stm32f1.a(vector.o)
ulTaskNotifyTake                                  ../libfreertos.a(tasks.c.obj)
usage_fault_handler                               D:/code/fly/libs/libopencm3/lib\libopencm3_stm32f1.a(vector.o)
usart1_isr                                        D:/code/fly/libs/libopencm3/lib\libopencm3_stm32f1.a(vector.o)
usart2_isr                                        D:/code/fly/libs/libopencm3/lib\libopencm3_stm32f1.a(vector.o)
usart3_isr                                        D:/code/fly/libs/libopencm3/lib\libopencm3_stm32f1.a(vector.o)
usb_hp_can_tx_isr                                 D:/code/fly/libs/libopencm3/lib\libopencm3_stm32f1.a(vector.o)
usb_lp_can_rx0_isr                                D:/code/fly/libs/libopencm3/lib\libopencm3_stm32f1.a(vector.o)
usb_wakeup_isr                                    D:/code/fly/libs/libopencm3/lib\libopencm3_stm32f1.a(vector.o)
uxListRemove                                      ../libfreertos.a(list.c.obj)
                                                  ../libfreertos.a(tasks.c.obj)
uxTaskGetNumberOfTasks                            ../libfreertos.a(tasks.c.obj)
uxTaskPriorityGet                                 ../libfreertos.a(tasks.c.obj)
uxTaskPriorityGetFromISR                          ../libfreertos.a(tasks.c.obj)
uxTaskResetEventItemValue                         ../libfreertos.a(tasks.c.obj)
vApplicationStackOverflowHook                     CMakeFiles/fly.out.dir/main.c.obj
vListInitialise                                   ../libfreertos.a(list.c.obj)
                                                  ../libfreertos.a(tasks.c.obj)
vListInitialiseItem                               ../libfreertos.a(list.c.obj)
                                                  ../libfreertos.a(tasks.c.obj)
vListInsert                                       ../libfreertos.a(list.c.obj)
                                                  ../libfreertos.a(tasks.c.obj)
vListInsertEnd                                    ../libfreertos.a(list.c.obj)
                                                  ../libfreertos.a(tasks.c.obj)
vPortEndScheduler                                 ../libfreertos.a(port.c.obj)
                                                  ../libfreertos.a(tasks.c.obj)
vPortEnterCritical                                ../libfreertos.a(port.c.obj)
                                                  ../libfreertos.a(tasks.c.obj)
vPortExitCritical                                 ../libfreertos.a(port.c.obj)
                                                  ../libfreertos.a(tasks.c.obj)
vPortFree                                         ../libfreertos.a(heap_1.c.obj)
                                                  ../libfreertos.a(tasks.c.obj)
vPortInitialiseBlocks                             ../libfreertos.a(heap_1.c.obj)
vPortSVCHandler                                   ../libfreertos.a(port.c.obj)
                                                  CMakeFiles/fly.out.dir/opencm3.c.obj
vPortSetupTimerInterrupt                          ../libfreertos.a(port.c.obj)
vTaskDelay                                        ../libfreertos.a(tasks.c.obj)
                                                  CMakeFiles/fly.out.dir/main.c.obj
vTaskDelayUntil                                   ../libfreertos.a(tasks.c.obj)
vTaskDelete                                       ../libfreertos.a(tasks.c.obj)
vTaskEndScheduler                                 ../libfreertos.a(tasks.c.obj)
vTaskInternalSetTimeOutState                      ../libfreertos.a(tasks.c.obj)
vTaskMissedYield                                  ../libfreertos.a(tasks.c.obj)
vTaskNotifyGiveFromISR                            ../libfreertos.a(tasks.c.obj)
vTaskPlaceOnEventList                             ../libfreertos.a(tasks.c.obj)
vTaskPlaceOnUnorderedEventList                    ../libfreertos.a(tasks.c.obj)
vTaskPriorityDisinheritAfterTimeout               ../libfreertos.a(tasks.c.obj)
vTaskPrioritySet                                  ../libfreertos.a(tasks.c.obj)
vTaskRemoveFromUnorderedEventList                 ../libfreertos.a(tasks.c.obj)
vTaskResume                                       ../libfreertos.a(tasks.c.obj)
vTaskSetTimeOutState                              ../libfreertos.a(tasks.c.obj)
vTaskStartScheduler                               ../libfreertos.a(tasks.c.obj)
                                                  CMakeFiles/fly.out.dir/main.c.obj
vTaskSuspend                                      ../libfreertos.a(tasks.c.obj)
vTaskSuspendAll                                   ../libfreertos.a(tasks.c.obj)
                                                  ../libfreertos.a(heap_1.c.obj)
vTaskSwitchContext                                ../libfreertos.a(tasks.c.obj)
                                                  ../libfreertos.a(port.c.obj)
vector_table                                      D:/code/fly/libs/libopencm3/lib\libopencm3_stm32f1.a(vector.o)
wwdg_isr                                          D:/code/fly/libs/libopencm3/lib\libopencm3_stm32f1.a(vector.o)
xPortGetFreeHeapSize                              ../libfreertos.a(heap_1.c.obj)
xPortPendSVHandler                                ../libfreertos.a(port.c.obj)
                                                  CMakeFiles/fly.out.dir/opencm3.c.obj
xPortStartScheduler                               ../libfreertos.a(port.c.obj)
                                                  ../libfreertos.a(tasks.c.obj)
xPortSysTickHandler                               ../libfreertos.a(port.c.obj)
                                                  CMakeFiles/fly.out.dir/opencm3.c.obj
xTaskCheckForTimeOut                              ../libfreertos.a(tasks.c.obj)
xTaskCreate                                       ../libfreertos.a(tasks.c.obj)
                                                  CMakeFiles/fly.out.dir/main.c.obj
xTaskGenericNotify                                ../libfreertos.a(tasks.c.obj)
xTaskGenericNotifyFromISR                         ../libfreertos.a(tasks.c.obj)
xTaskGetCurrentTaskHandle                         ../libfreertos.a(tasks.c.obj)
xTaskGetTickCount                                 ../libfreertos.a(tasks.c.obj)
xTaskGetTickCountFromISR                          ../libfreertos.a(tasks.c.obj)
xTaskIncrementTick                                ../libfreertos.a(tasks.c.obj)
                                                  ../libfreertos.a(port.c.obj)
xTaskNotifyStateClear                             ../libfreertos.a(tasks.c.obj)
xTaskNotifyWait                                   ../libfreertos.a(tasks.c.obj)
xTaskPriorityDisinherit                           ../libfreertos.a(tasks.c.obj)
xTaskPriorityInherit                              ../libfreertos.a(tasks.c.obj)
xTaskRemoveFromEventList                          ../libfreertos.a(tasks.c.obj)
xTaskResumeAll                                    ../libfreertos.a(tasks.c.obj)
                                                  ../libfreertos.a(heap_1.c.obj)
xTaskResumeFromISR                                ../libfreertos.a(tasks.c.obj)
